18:55:24 **** Build of configuration Debug for project Test ****
make -j4 all 
arm-none-eabi-gcc "../Drivers/STM32F4xx_HAL_Driver/Src/stm32f4xx_hal.c" -mcpu=cortex-m4 -std=gnu11 -g3 -DDEBUG -DUSE_HAL_DRIVER -DSTM32F429xx -c -I../Core/Inc -I../Drivers/STM32F4xx_HAL_Driver/Inc -I../Drivers/STM32F4xx_HAL_Driver/Inc/Legacy -I../Drivers/CMSIS/Device/ST/STM32F4xx/Include -I../Drivers/CMSIS/Include -I"C:/Users/diego/Documents/Especializacion Sistemas Embebidos/Primer Bimestre/Programacion de Microprocesadores/TP_Final/Test/Drivers/API/SensorTemp/inc" -I"C:/Users/diego/Documents/Especializacion Sistemas Embebidos/Primer Bimestre/Programacion de Microprocesadores/TP_Final/Test/Drivers/API/Buzzer/inc" -I"C:/Users/diego/Documents/Especializacion Sistemas Embebidos/Primer Bimestre/Programacion de Microprocesadores/TP_Final/Test/Drivers/API/API_uart/inc" -I"C:/Users/diego/Documents/Especializacion Sistemas Embebidos/Primer Bimestre/Programacion de Microprocesadores/TP_Final/Test/Drivers/API/API_delay/inc" -I"C:/Users/diego/Documents/Especializacion Sistemas Embebidos/Primer Bimestre/Programacion de Microprocesadores/TP_Final/Test/Drivers/API/API_debounce/inc" -I"C:/Users/diego/Documents/Especializacion Sistemas Embebidos/Primer Bimestre/Programacion de Microprocesadores/TP_Final/Test/Drivers/API/API_Control_Estados/inc" -O0 -ffunction-sections -fdata-sections -Wall -fstack-usage -MMD -MP -MF"Drivers/STM32F4xx_HAL_Driver/Src/stm32f4xx_hal.d" -MT"Drivers/STM32F4xx_HAL_Driver/Src/stm32f4xx_hal.o" --specs=nano.specs -mfpu=fpv4-sp-d16 -mfloat-abi=hard -mthumb -o "Drivers/STM32F4xx_HAL_Driver/Src/stm32f4xx_hal.o"
arm-none-eabi-gcc "../Drivers/STM32F4xx_HAL_Driver/Src/stm32f4xx_hal_adc.c" -mcpu=cortex-m4 -std=gnu11 -g3 -DDEBUG -DUSE_HAL_DRIVER -DSTM32F429xx -c -I../Core/Inc -I../Drivers/STM32F4xx_HAL_Driver/Inc -I../Drivers/STM32F4xx_HAL_Driver/Inc/Legacy -I../Drivers/CMSIS/Device/ST/STM32F4xx/Include -I../Drivers/CMSIS/Include -I"C:/Users/diego/Documents/Especializacion Sistemas Embebidos/Primer Bimestre/Programacion de Microprocesadores/TP_Final/Test/Drivers/API/SensorTemp/inc" -I"C:/Users/diego/Documents/Especializacion Sistemas Embebidos/Primer Bimestre/Programacion de Microprocesadores/TP_Final/Test/Drivers/API/Buzzer/inc" -I"C:/Users/diego/Documents/Especializacion Sistemas Embebidos/Primer Bimestre/Programacion de Microprocesadores/TP_Final/Test/Drivers/API/API_uart/inc" -I"C:/Users/diego/Documents/Especializacion Sistemas Embebidos/Primer Bimestre/Programacion de Microprocesadores/TP_Final/Test/Drivers/API/API_delay/inc" -I"C:/Users/diego/Documents/Especializacion Sistemas Embebidos/Primer Bimestre/Programacion de Microprocesadores/TP_Final/Test/Drivers/API/API_debounce/inc" -I"C:/Users/diego/Documents/Especializacion Sistemas Embebidos/Primer Bimestre/Programacion de Microprocesadores/TP_Final/Test/Drivers/API/API_Control_Estados/inc" -O0 -ffunction-sections -fdata-sections -Wall -fstack-usage -MMD -MP -MF"Drivers/STM32F4xx_HAL_Driver/Src/stm32f4xx_hal_adc.d" -MT"Drivers/STM32F4xx_HAL_Driver/Src/stm32f4xx_hal_adc.o" --specs=nano.specs -mfpu=fpv4-sp-d16 -mfloat-abi=hard -mthumb -o "Drivers/STM32F4xx_HAL_Driver/Src/stm32f4xx_hal_adc.o"
arm-none-eabi-gcc "../Drivers/STM32F4xx_HAL_Driver/Src/stm32f4xx_hal_adc_ex.c" -mcpu=cortex-m4 -std=gnu11 -g3 -DDEBUG -DUSE_HAL_DRIVER -DSTM32F429xx -c -I../Core/Inc -I../Drivers/STM32F4xx_HAL_Driver/Inc -I../Drivers/STM32F4xx_HAL_Driver/Inc/Legacy -I../Drivers/CMSIS/Device/ST/STM32F4xx/Include -I../Drivers/CMSIS/Include -I"C:/Users/diego/Documents/Especializacion Sistemas Embebidos/Primer Bimestre/Programacion de Microprocesadores/TP_Final/Test/Drivers/API/SensorTemp/inc" -I"C:/Users/diego/Documents/Especializacion Sistemas Embebidos/Primer Bimestre/Programacion de Microprocesadores/TP_Final/Test/Drivers/API/Buzzer/inc" -I"C:/Users/diego/Documents/Especializacion Sistemas Embebidos/Primer Bimestre/Programacion de Microprocesadores/TP_Final/Test/Drivers/API/API_uart/inc" -I"C:/Users/diego/Documents/Especializacion Sistemas Embebidos/Primer Bimestre/Programacion de Microprocesadores/TP_Final/Test/Drivers/API/API_delay/inc" -I"C:/Users/diego/Documents/Especializacion Sistemas Embebidos/Primer Bimestre/Programacion de Microprocesadores/TP_Final/Test/Drivers/API/API_debounce/inc" -I"C:/Users/diego/Documents/Especializacion Sistemas Embebidos/Primer Bimestre/Programacion de Microprocesadores/TP_Final/Test/Drivers/API/API_Control_Estados/inc" -O0 -ffunction-sections -fdata-sections -Wall -fstack-usage -MMD -MP -MF"Drivers/STM32F4xx_HAL_Driver/Src/stm32f4xx_hal_adc_ex.d" -MT"Drivers/STM32F4xx_HAL_Driver/Src/stm32f4xx_hal_adc_ex.o" --specs=nano.specs -mfpu=fpv4-sp-d16 -mfloat-abi=hard -mthumb -o "Drivers/STM32F4xx_HAL_Driver/Src/stm32f4xx_hal_adc_ex.o"
arm-none-eabi-gcc "../Drivers/STM32F4xx_HAL_Driver/Src/stm32f4xx_hal_cortex.c" -mcpu=cortex-m4 -std=gnu11 -g3 -DDEBUG -DUSE_HAL_DRIVER -DSTM32F429xx -c -I../Core/Inc -I../Drivers/STM32F4xx_HAL_Driver/Inc -I../Drivers/STM32F4xx_HAL_Driver/Inc/Legacy -I../Drivers/CMSIS/Device/ST/STM32F4xx/Include -I../Drivers/CMSIS/Include -I"C:/Users/diego/Documents/Especializacion Sistemas Embebidos/Primer Bimestre/Programacion de Microprocesadores/TP_Final/Test/Drivers/API/SensorTemp/inc" -I"C:/Users/diego/Documents/Especializacion Sistemas Embebidos/Primer Bimestre/Programacion de Microprocesadores/TP_Final/Test/Drivers/API/Buzzer/inc" -I"C:/Users/diego/Documents/Especializacion Sistemas Embebidos/Primer Bimestre/Programacion de Microprocesadores/TP_Final/Test/Drivers/API/API_uart/inc" -I"C:/Users/diego/Documents/Especializacion Sistemas Embebidos/Primer Bimestre/Programacion de Microprocesadores/TP_Final/Test/Drivers/API/API_delay/inc" -I"C:/Users/diego/Documents/Especializacion Sistemas Embebidos/Primer Bimestre/Programacion de Microprocesadores/TP_Final/Test/Drivers/API/API_debounce/inc" -I"C:/Users/diego/Documents/Especializacion Sistemas Embebidos/Primer Bimestre/Programacion de Microprocesadores/TP_Final/Test/Drivers/API/API_Control_Estados/inc" -O0 -ffunction-sections -fdata-sections -Wall -fstack-usage -MMD -MP -MF"Drivers/STM32F4xx_HAL_Driver/Src/stm32f4xx_hal_cortex.d" -MT"Drivers/STM32F4xx_HAL_Driver/Src/stm32f4xx_hal_cortex.o" --specs=nano.specs -mfpu=fpv4-sp-d16 -mfloat-abi=hard -mthumb -o "Drivers/STM32F4xx_HAL_Driver/Src/stm32f4xx_hal_cortex.o"
arm-none-eabi-gcc "../Drivers/STM32F4xx_HAL_Driver/Src/stm32f4xx_hal_dma.c" -mcpu=cortex-m4 -std=gnu11 -g3 -DDEBUG -DUSE_HAL_DRIVER -DSTM32F429xx -c -I../Core/Inc -I../Drivers/STM32F4xx_HAL_Driver/Inc -I../Drivers/STM32F4xx_HAL_Driver/Inc/Legacy -I../Drivers/CMSIS/Device/ST/STM32F4xx/Include -I../Drivers/CMSIS/Include -I"C:/Users/diego/Documents/Especializacion Sistemas Embebidos/Primer Bimestre/Programacion de Microprocesadores/TP_Final/Test/Drivers/API/SensorTemp/inc" -I"C:/Users/diego/Documents/Especializacion Sistemas Embebidos/Primer Bimestre/Programacion de Microprocesadores/TP_Final/Test/Drivers/API/Buzzer/inc" -I"C:/Users/diego/Documents/Especializacion Sistemas Embebidos/Primer Bimestre/Programacion de Microprocesadores/TP_Final/Test/Drivers/API/API_uart/inc" -I"C:/Users/diego/Documents/Especializacion Sistemas Embebidos/Primer Bimestre/Programacion de Microprocesadores/TP_Final/Test/Drivers/API/API_delay/inc" -I"C:/Users/diego/Documents/Especializacion Sistemas Embebidos/Primer Bimestre/Programacion de Microprocesadores/TP_Final/Test/Drivers/API/API_debounce/inc" -I"C:/Users/diego/Documents/Especializacion Sistemas Embebidos/Primer Bimestre/Programacion de Microprocesadores/TP_Final/Test/Drivers/API/API_Control_Estados/inc" -O0 -ffunction-sections -fdata-sections -Wall -fstack-usage -MMD -MP -MF"Drivers/STM32F4xx_HAL_Driver/Src/stm32f4xx_hal_dma.d" -MT"Drivers/STM32F4xx_HAL_Driver/Src/stm32f4xx_hal_dma.o" --specs=nano.specs -mfpu=fpv4-sp-d16 -mfloat-abi=hard -mthumb -o "Drivers/STM32F4xx_HAL_Driver/Src/stm32f4xx_hal_dma.o"
arm-none-eabi-gcc "../Drivers/STM32F4xx_HAL_Driver/Src/stm32f4xx_hal_dma_ex.c" -mcpu=cortex-m4 -std=gnu11 -g3 -DDEBUG -DUSE_HAL_DRIVER -DSTM32F429xx -c -I../Core/Inc -I../Drivers/STM32F4xx_HAL_Driver/Inc -I../Drivers/STM32F4xx_HAL_Driver/Inc/Legacy -I../Drivers/CMSIS/Device/ST/STM32F4xx/Include -I../Drivers/CMSIS/Include -I"C:/Users/diego/Documents/Especializacion Sistemas Embebidos/Primer Bimestre/Programacion de Microprocesadores/TP_Final/Test/Drivers/API/SensorTemp/inc" -I"C:/Users/diego/Documents/Especializacion Sistemas Embebidos/Primer Bimestre/Programacion de Microprocesadores/TP_Final/Test/Drivers/API/Buzzer/inc" -I"C:/Users/diego/Documents/Especializacion Sistemas Embebidos/Primer Bimestre/Programacion de Microprocesadores/TP_Final/Test/Drivers/API/API_uart/inc" -I"C:/Users/diego/Documents/Especializacion Sistemas Embebidos/Primer Bimestre/Programacion de Microprocesadores/TP_Final/Test/Drivers/API/API_delay/inc" -I"C:/Users/diego/Documents/Especializacion Sistemas Embebidos/Primer Bimestre/Programacion de Microprocesadores/TP_Final/Test/Drivers/API/API_debounce/inc" -I"C:/Users/diego/Documents/Especializacion Sistemas Embebidos/Primer Bimestre/Programacion de Microprocesadores/TP_Final/Test/Drivers/API/API_Control_Estados/inc" -O0 -ffunction-sections -fdata-sections -Wall -fstack-usage -MMD -MP -MF"Drivers/STM32F4xx_HAL_Driver/Src/stm32f4xx_hal_dma_ex.d" -MT"Drivers/STM32F4xx_HAL_Driver/Src/stm32f4xx_hal_dma_ex.o" --specs=nano.specs -mfpu=fpv4-sp-d16 -mfloat-abi=hard -mthumb -o "Drivers/STM32F4xx_HAL_Driver/Src/stm32f4xx_hal_dma_ex.o"
arm-none-eabi-gcc "../Drivers/STM32F4xx_HAL_Driver/Src/stm32f4xx_hal_eth.c" -mcpu=cortex-m4 -std=gnu11 -g3 -DDEBUG -DUSE_HAL_DRIVER -DSTM32F429xx -c -I../Core/Inc -I../Drivers/STM32F4xx_HAL_Driver/Inc -I../Drivers/STM32F4xx_HAL_Driver/Inc/Legacy -I../Drivers/CMSIS/Device/ST/STM32F4xx/Include -I../Drivers/CMSIS/Include -I"C:/Users/diego/Documents/Especializacion Sistemas Embebidos/Primer Bimestre/Programacion de Microprocesadores/TP_Final/Test/Drivers/API/SensorTemp/inc" -I"C:/Users/diego/Documents/Especializacion Sistemas Embebidos/Primer Bimestre/Programacion de Microprocesadores/TP_Final/Test/Drivers/API/Buzzer/inc" -I"C:/Users/diego/Documents/Especializacion Sistemas Embebidos/Primer Bimestre/Programacion de Microprocesadores/TP_Final/Test/Drivers/API/API_uart/inc" -I"C:/Users/diego/Documents/Especializacion Sistemas Embebidos/Primer Bimestre/Programacion de Microprocesadores/TP_Final/Test/Drivers/API/API_delay/inc" -I"C:/Users/diego/Documents/Especializacion Sistemas Embebidos/Primer Bimestre/Programacion de Microprocesadores/TP_Final/Test/Drivers/API/API_debounce/inc" -I"C:/Users/diego/Documents/Especializacion Sistemas Embebidos/Primer Bimestre/Programacion de Microprocesadores/TP_Final/Test/Drivers/API/API_Control_Estados/inc" -O0 -ffunction-sections -fdata-sections -Wall -fstack-usage -MMD -MP -MF"Drivers/STM32F4xx_HAL_Driver/Src/stm32f4xx_hal_eth.d" -MT"Drivers/STM32F4xx_HAL_Driver/Src/stm32f4xx_hal_eth.o" --specs=nano.specs -mfpu=fpv4-sp-d16 -mfloat-abi=hard -mthumb -o "Drivers/STM32F4xx_HAL_Driver/Src/stm32f4xx_hal_eth.o"
arm-none-eabi-gcc "../Drivers/STM32F4xx_HAL_Driver/Src/stm32f4xx_hal_exti.c" -mcpu=cortex-m4 -std=gnu11 -g3 -DDEBUG -DUSE_HAL_DRIVER -DSTM32F429xx -c -I../Core/Inc -I../Drivers/STM32F4xx_HAL_Driver/Inc -I../Drivers/STM32F4xx_HAL_Driver/Inc/Legacy -I../Drivers/CMSIS/Device/ST/STM32F4xx/Include -I../Drivers/CMSIS/Include -I"C:/Users/diego/Documents/Especializacion Sistemas Embebidos/Primer Bimestre/Programacion de Microprocesadores/TP_Final/Test/Drivers/API/SensorTemp/inc" -I"C:/Users/diego/Documents/Especializacion Sistemas Embebidos/Primer Bimestre/Programacion de Microprocesadores/TP_Final/Test/Drivers/API/Buzzer/inc" -I"C:/Users/diego/Documents/Especializacion Sistemas Embebidos/Primer Bimestre/Programacion de Microprocesadores/TP_Final/Test/Drivers/API/API_uart/inc" -I"C:/Users/diego/Documents/Especializacion Sistemas Embebidos/Primer Bimestre/Programacion de Microprocesadores/TP_Final/Test/Drivers/API/API_delay/inc" -I"C:/Users/diego/Documents/Especializacion Sistemas Embebidos/Primer Bimestre/Programacion de Microprocesadores/TP_Final/Test/Drivers/API/API_debounce/inc" -I"C:/Users/diego/Documents/Especializacion Sistemas Embebidos/Primer Bimestre/Programacion de Microprocesadores/TP_Final/Test/Drivers/API/API_Control_Estados/inc" -O0 -ffunction-sections -fdata-sections -Wall -fstack-usage -MMD -MP -MF"Drivers/STM32F4xx_HAL_Driver/Src/stm32f4xx_hal_exti.d" -MT"Drivers/STM32F4xx_HAL_Driver/Src/stm32f4xx_hal_exti.o" --specs=nano.specs -mfpu=fpv4-sp-d16 -mfloat-abi=hard -mthumb -o "Drivers/STM32F4xx_HAL_Driver/Src/stm32f4xx_hal_exti.o"
arm-none-eabi-gcc "../Drivers/STM32F4xx_HAL_Driver/Src/stm32f4xx_hal_flash.c" -mcpu=cortex-m4 -std=gnu11 -g3 -DDEBUG -DUSE_HAL_DRIVER -DSTM32F429xx -c -I../Core/Inc -I../Drivers/STM32F4xx_HAL_Driver/Inc -I../Drivers/STM32F4xx_HAL_Driver/Inc/Legacy -I../Drivers/CMSIS/Device/ST/STM32F4xx/Include -I../Drivers/CMSIS/Include -I"C:/Users/diego/Documents/Especializacion Sistemas Embebidos/Primer Bimestre/Programacion de Microprocesadores/TP_Final/Test/Drivers/API/SensorTemp/inc" -I"C:/Users/diego/Documents/Especializacion Sistemas Embebidos/Primer Bimestre/Programacion de Microprocesadores/TP_Final/Test/Drivers/API/Buzzer/inc" -I"C:/Users/diego/Documents/Especializacion Sistemas Embebidos/Primer Bimestre/Programacion de Microprocesadores/TP_Final/Test/Drivers/API/API_uart/inc" -I"C:/Users/diego/Documents/Especializacion Sistemas Embebidos/Primer Bimestre/Programacion de Microprocesadores/TP_Final/Test/Drivers/API/API_delay/inc" -I"C:/Users/diego/Documents/Especializacion Sistemas Embebidos/Primer Bimestre/Programacion de Microprocesadores/TP_Final/Test/Drivers/API/API_debounce/inc" -I"C:/Users/diego/Documents/Especializacion Sistemas Embebidos/Primer Bimestre/Programacion de Microprocesadores/TP_Final/Test/Drivers/API/API_Control_Estados/inc" -O0 -ffunction-sections -fdata-sections -Wall -fstack-usage -MMD -MP -MF"Drivers/STM32F4xx_HAL_Driver/Src/stm32f4xx_hal_flash.d" -MT"Drivers/STM32F4xx_HAL_Driver/Src/stm32f4xx_hal_flash.o" --specs=nano.specs -mfpu=fpv4-sp-d16 -mfloat-abi=hard -mthumb -o "Drivers/STM32F4xx_HAL_Driver/Src/stm32f4xx_hal_flash.o"
arm-none-eabi-gcc "../Drivers/STM32F4xx_HAL_Driver/Src/stm32f4xx_hal_flash_ex.c" -mcpu=cortex-m4 -std=gnu11 -g3 -DDEBUG -DUSE_HAL_DRIVER -DSTM32F429xx -c -I../Core/Inc -I../Drivers/STM32F4xx_HAL_Driver/Inc -I../Drivers/STM32F4xx_HAL_Driver/Inc/Legacy -I../Drivers/CMSIS/Device/ST/STM32F4xx/Include -I../Drivers/CMSIS/Include -I"C:/Users/diego/Documents/Especializacion Sistemas Embebidos/Primer Bimestre/Programacion de Microprocesadores/TP_Final/Test/Drivers/API/SensorTemp/inc" -I"C:/Users/diego/Documents/Especializacion Sistemas Embebidos/Primer Bimestre/Programacion de Microprocesadores/TP_Final/Test/Drivers/API/Buzzer/inc" -I"C:/Users/diego/Documents/Especializacion Sistemas Embebidos/Primer Bimestre/Programacion de Microprocesadores/TP_Final/Test/Drivers/API/API_uart/inc" -I"C:/Users/diego/Documents/Especializacion Sistemas Embebidos/Primer Bimestre/Programacion de Microprocesadores/TP_Final/Test/Drivers/API/API_delay/inc" -I"C:/Users/diego/Documents/Especializacion Sistemas Embebidos/Primer Bimestre/Programacion de Microprocesadores/TP_Final/Test/Drivers/API/API_debounce/inc" -I"C:/Users/diego/Documents/Especializacion Sistemas Embebidos/Primer Bimestre/Programacion de Microprocesadores/TP_Final/Test/Drivers/API/API_Control_Estados/inc" -O0 -ffunction-sections -fdata-sections -Wall -fstack-usage -MMD -MP -MF"Drivers/STM32F4xx_HAL_Driver/Src/stm32f4xx_hal_flash_ex.d" -MT"Drivers/STM32F4xx_HAL_Driver/Src/stm32f4xx_hal_flash_ex.o" --specs=nano.specs -mfpu=fpv4-sp-d16 -mfloat-abi=hard -mthumb -o "Drivers/STM32F4xx_HAL_Driver/Src/stm32f4xx_hal_flash_ex.o"
arm-none-eabi-gcc "../Drivers/STM32F4xx_HAL_Driver/Src/stm32f4xx_hal_flash_ramfunc.c" -mcpu=cortex-m4 -std=gnu11 -g3 -DDEBUG -DUSE_HAL_DRIVER -DSTM32F429xx -c -I../Core/Inc -I../Drivers/STM32F4xx_HAL_Driver/Inc -I../Drivers/STM32F4xx_HAL_Driver/Inc/Legacy -I../Drivers/CMSIS/Device/ST/STM32F4xx/Include -I../Drivers/CMSIS/Include -I"C:/Users/diego/Documents/Especializacion Sistemas Embebidos/Primer Bimestre/Programacion de Microprocesadores/TP_Final/Test/Drivers/API/SensorTemp/inc" -I"C:/Users/diego/Documents/Especializacion Sistemas Embebidos/Primer Bimestre/Programacion de Microprocesadores/TP_Final/Test/Drivers/API/Buzzer/inc" -I"C:/Users/diego/Documents/Especializacion Sistemas Embebidos/Primer Bimestre/Programacion de Microprocesadores/TP_Final/Test/Drivers/API/API_uart/inc" -I"C:/Users/diego/Documents/Especializacion Sistemas Embebidos/Primer Bimestre/Programacion de Microprocesadores/TP_Final/Test/Drivers/API/API_delay/inc" -I"C:/Users/diego/Documents/Especializacion Sistemas Embebidos/Primer Bimestre/Programacion de Microprocesadores/TP_Final/Test/Drivers/API/API_debounce/inc" -I"C:/Users/diego/Documents/Especializacion Sistemas Embebidos/Primer Bimestre/Programacion de Microprocesadores/TP_Final/Test/Drivers/API/API_Control_Estados/inc" -O0 -ffunction-sections -fdata-sections -Wall -fstack-usage -MMD -MP -MF"Drivers/STM32F4xx_HAL_Driver/Src/stm32f4xx_hal_flash_ramfunc.d" -MT"Drivers/STM32F4xx_HAL_Driver/Src/stm32f4xx_hal_flash_ramfunc.o" --specs=nano.specs -mfpu=fpv4-sp-d16 -mfloat-abi=hard -mthumb -o "Drivers/STM32F4xx_HAL_Driver/Src/stm32f4xx_hal_flash_ramfunc.o"
arm-none-eabi-gcc "../Drivers/STM32F4xx_HAL_Driver/Src/stm32f4xx_hal_gpio.c" -mcpu=cortex-m4 -std=gnu11 -g3 -DDEBUG -DUSE_HAL_DRIVER -DSTM32F429xx -c -I../Core/Inc -I../Drivers/STM32F4xx_HAL_Driver/Inc -I../Drivers/STM32F4xx_HAL_Driver/Inc/Legacy -I../Drivers/CMSIS/Device/ST/STM32F4xx/Include -I../Drivers/CMSIS/Include -I"C:/Users/diego/Documents/Especializacion Sistemas Embebidos/Primer Bimestre/Programacion de Microprocesadores/TP_Final/Test/Drivers/API/SensorTemp/inc" -I"C:/Users/diego/Documents/Especializacion Sistemas Embebidos/Primer Bimestre/Programacion de Microprocesadores/TP_Final/Test/Drivers/API/Buzzer/inc" -I"C:/Users/diego/Documents/Especializacion Sistemas Embebidos/Primer Bimestre/Programacion de Microprocesadores/TP_Final/Test/Drivers/API/API_uart/inc" -I"C:/Users/diego/Documents/Especializacion Sistemas Embebidos/Primer Bimestre/Programacion de Microprocesadores/TP_Final/Test/Drivers/API/API_delay/inc" -I"C:/Users/diego/Documents/Especializacion Sistemas Embebidos/Primer Bimestre/Programacion de Microprocesadores/TP_Final/Test/Drivers/API/API_debounce/inc" -I"C:/Users/diego/Documents/Especializacion Sistemas Embebidos/Primer Bimestre/Programacion de Microprocesadores/TP_Final/Test/Drivers/API/API_Control_Estados/inc" -O0 -ffunction-sections -fdata-sections -Wall -fstack-usage -MMD -MP -MF"Drivers/STM32F4xx_HAL_Driver/Src/stm32f4xx_hal_gpio.d" -MT"Drivers/STM32F4xx_HAL_Driver/Src/stm32f4xx_hal_gpio.o" --specs=nano.specs -mfpu=fpv4-sp-d16 -mfloat-abi=hard -mthumb -o "Drivers/STM32F4xx_HAL_Driver/Src/stm32f4xx_hal_gpio.o"
arm-none-eabi-gcc "../Drivers/STM32F4xx_HAL_Driver/Src/stm32f4xx_hal_pcd.c" -mcpu=cortex-m4 -std=gnu11 -g3 -DDEBUG -DUSE_HAL_DRIVER -DSTM32F429xx -c -I../Core/Inc -I../Drivers/STM32F4xx_HAL_Driver/Inc -I../Drivers/STM32F4xx_HAL_Driver/Inc/Legacy -I../Drivers/CMSIS/Device/ST/STM32F4xx/Include -I../Drivers/CMSIS/Include -I"C:/Users/diego/Documents/Especializacion Sistemas Embebidos/Primer Bimestre/Programacion de Microprocesadores/TP_Final/Test/Drivers/API/SensorTemp/inc" -I"C:/Users/diego/Documents/Especializacion Sistemas Embebidos/Primer Bimestre/Programacion de Microprocesadores/TP_Final/Test/Drivers/API/Buzzer/inc" -I"C:/Users/diego/Documents/Especializacion Sistemas Embebidos/Primer Bimestre/Programacion de Microprocesadores/TP_Final/Test/Drivers/API/API_uart/inc" -I"C:/Users/diego/Documents/Especializacion Sistemas Embebidos/Primer Bimestre/Programacion de Microprocesadores/TP_Final/Test/Drivers/API/API_delay/inc" -I"C:/Users/diego/Documents/Especializacion Sistemas Embebidos/Primer Bimestre/Programacion de Microprocesadores/TP_Final/Test/Drivers/API/API_debounce/inc" -I"C:/Users/diego/Documents/Especializacion Sistemas Embebidos/Primer Bimestre/Programacion de Microprocesadores/TP_Final/Test/Drivers/API/API_Control_Estados/inc" -O0 -ffunction-sections -fdata-sections -Wall -fstack-usage -MMD -MP -MF"Drivers/STM32F4xx_HAL_Driver/Src/stm32f4xx_hal_pcd.d" -MT"Drivers/STM32F4xx_HAL_Driver/Src/stm32f4xx_hal_pcd.o" --specs=nano.specs -mfpu=fpv4-sp-d16 -mfloat-abi=hard -mthumb -o "Drivers/STM32F4xx_HAL_Driver/Src/stm32f4xx_hal_pcd.o"
arm-none-eabi-gcc "../Drivers/STM32F4xx_HAL_Driver/Src/stm32f4xx_hal_pcd_ex.c" -mcpu=cortex-m4 -std=gnu11 -g3 -DDEBUG -DUSE_HAL_DRIVER -DSTM32F429xx -c -I../Core/Inc -I../Drivers/STM32F4xx_HAL_Driver/Inc -I../Drivers/STM32F4xx_HAL_Driver/Inc/Legacy -I../Drivers/CMSIS/Device/ST/STM32F4xx/Include -I../Drivers/CMSIS/Include -I"C:/Users/diego/Documents/Especializacion Sistemas Embebidos/Primer Bimestre/Programacion de Microprocesadores/TP_Final/Test/Drivers/API/SensorTemp/inc" -I"C:/Users/diego/Documents/Especializacion Sistemas Embebidos/Primer Bimestre/Programacion de Microprocesadores/TP_Final/Test/Drivers/API/Buzzer/inc" -I"C:/Users/diego/Documents/Especializacion Sistemas Embebidos/Primer Bimestre/Programacion de Microprocesadores/TP_Final/Test/Drivers/API/API_uart/inc" -I"C:/Users/diego/Documents/Especializacion Sistemas Embebidos/Primer Bimestre/Programacion de Microprocesadores/TP_Final/Test/Drivers/API/API_delay/inc" -I"C:/Users/diego/Documents/Especializacion Sistemas Embebidos/Primer Bimestre/Programacion de Microprocesadores/TP_Final/Test/Drivers/API/API_debounce/inc" -I"C:/Users/diego/Documents/Especializacion Sistemas Embebidos/Primer Bimestre/Programacion de Microprocesadores/TP_Final/Test/Drivers/API/API_Control_Estados/inc" -O0 -ffunction-sections -fdata-sections -Wall -fstack-usage -MMD -MP -MF"Drivers/STM32F4xx_HAL_Driver/Src/stm32f4xx_hal_pcd_ex.d" -MT"Drivers/STM32F4xx_HAL_Driver/Src/stm32f4xx_hal_pcd_ex.o" --specs=nano.specs -mfpu=fpv4-sp-d16 -mfloat-abi=hard -mthumb -o "Drivers/STM32F4xx_HAL_Driver/Src/stm32f4xx_hal_pcd_ex.o"
arm-none-eabi-gcc "../Drivers/STM32F4xx_HAL_Driver/Src/stm32f4xx_hal_pwr.c" -mcpu=cortex-m4 -std=gnu11 -g3 -DDEBUG -DUSE_HAL_DRIVER -DSTM32F429xx -c -I../Core/Inc -I../Drivers/STM32F4xx_HAL_Driver/Inc -I../Drivers/STM32F4xx_HAL_Driver/Inc/Legacy -I../Drivers/CMSIS/Device/ST/STM32F4xx/Include -I../Drivers/CMSIS/Include -I"C:/Users/diego/Documents/Especializacion Sistemas Embebidos/Primer Bimestre/Programacion de Microprocesadores/TP_Final/Test/Drivers/API/SensorTemp/inc" -I"C:/Users/diego/Documents/Especializacion Sistemas Embebidos/Primer Bimestre/Programacion de Microprocesadores/TP_Final/Test/Drivers/API/Buzzer/inc" -I"C:/Users/diego/Documents/Especializacion Sistemas Embebidos/Primer Bimestre/Programacion de Microprocesadores/TP_Final/Test/Drivers/API/API_uart/inc" -I"C:/Users/diego/Documents/Especializacion Sistemas Embebidos/Primer Bimestre/Programacion de Microprocesadores/TP_Final/Test/Drivers/API/API_delay/inc" -I"C:/Users/diego/Documents/Especializacion Sistemas Embebidos/Primer Bimestre/Programacion de Microprocesadores/TP_Final/Test/Drivers/API/API_debounce/inc" -I"C:/Users/diego/Documents/Especializacion Sistemas Embebidos/Primer Bimestre/Programacion de Microprocesadores/TP_Final/Test/Drivers/API/API_Control_Estados/inc" -O0 -ffunction-sections -fdata-sections -Wall -fstack-usage -MMD -MP -MF"Drivers/STM32F4xx_HAL_Driver/Src/stm32f4xx_hal_pwr.d" -MT"Drivers/STM32F4xx_HAL_Driver/Src/stm32f4xx_hal_pwr.o" --specs=nano.specs -mfpu=fpv4-sp-d16 -mfloat-abi=hard -mthumb -o "Drivers/STM32F4xx_HAL_Driver/Src/stm32f4xx_hal_pwr.o"
arm-none-eabi-gcc "../Drivers/STM32F4xx_HAL_Driver/Src/stm32f4xx_hal_pwr_ex.c" -mcpu=cortex-m4 -std=gnu11 -g3 -DDEBUG -DUSE_HAL_DRIVER -DSTM32F429xx -c -I../Core/Inc -I../Drivers/STM32F4xx_HAL_Driver/Inc -I../Drivers/STM32F4xx_HAL_Driver/Inc/Legacy -I../Drivers/CMSIS/Device/ST/STM32F4xx/Include -I../Drivers/CMSIS/Include -I"C:/Users/diego/Documents/Especializacion Sistemas Embebidos/Primer Bimestre/Programacion de Microprocesadores/TP_Final/Test/Drivers/API/SensorTemp/inc" -I"C:/Users/diego/Documents/Especializacion Sistemas Embebidos/Primer Bimestre/Programacion de Microprocesadores/TP_Final/Test/Drivers/API/Buzzer/inc" -I"C:/Users/diego/Documents/Especializacion Sistemas Embebidos/Primer Bimestre/Programacion de Microprocesadores/TP_Final/Test/Drivers/API/API_uart/inc" -I"C:/Users/diego/Documents/Especializacion Sistemas Embebidos/Primer Bimestre/Programacion de Microprocesadores/TP_Final/Test/Drivers/API/API_delay/inc" -I"C:/Users/diego/Documents/Especializacion Sistemas Embebidos/Primer Bimestre/Programacion de Microprocesadores/TP_Final/Test/Drivers/API/API_debounce/inc" -I"C:/Users/diego/Documents/Especializacion Sistemas Embebidos/Primer Bimestre/Programacion de Microprocesadores/TP_Final/Test/Drivers/API/API_Control_Estados/inc" -O0 -ffunction-sections -fdata-sections -Wall -fstack-usage -MMD -MP -MF"Drivers/STM32F4xx_HAL_Driver/Src/stm32f4xx_hal_pwr_ex.d" -MT"Drivers/STM32F4xx_HAL_Driver/Src/stm32f4xx_hal_pwr_ex.o" --specs=nano.specs -mfpu=fpv4-sp-d16 -mfloat-abi=hard -mthumb -o "Drivers/STM32F4xx_HAL_Driver/Src/stm32f4xx_hal_pwr_ex.o"
arm-none-eabi-gcc "../Drivers/STM32F4xx_HAL_Driver/Src/stm32f4xx_hal_rcc.c" -mcpu=cortex-m4 -std=gnu11 -g3 -DDEBUG -DUSE_HAL_DRIVER -DSTM32F429xx -c -I../Core/Inc -I../Drivers/STM32F4xx_HAL_Driver/Inc -I../Drivers/STM32F4xx_HAL_Driver/Inc/Legacy -I../Drivers/CMSIS/Device/ST/STM32F4xx/Include -I../Drivers/CMSIS/Include -I"C:/Users/diego/Documents/Especializacion Sistemas Embebidos/Primer Bimestre/Programacion de Microprocesadores/TP_Final/Test/Drivers/API/SensorTemp/inc" -I"C:/Users/diego/Documents/Especializacion Sistemas Embebidos/Primer Bimestre/Programacion de Microprocesadores/TP_Final/Test/Drivers/API/Buzzer/inc" -I"C:/Users/diego/Documents/Especializacion Sistemas Embebidos/Primer Bimestre/Programacion de Microprocesadores/TP_Final/Test/Drivers/API/API_uart/inc" -I"C:/Users/diego/Documents/Especializacion Sistemas Embebidos/Primer Bimestre/Programacion de Microprocesadores/TP_Final/Test/Drivers/API/API_delay/inc" -I"C:/Users/diego/Documents/Especializacion Sistemas Embebidos/Primer Bimestre/Programacion de Microprocesadores/TP_Final/Test/Drivers/API/API_debounce/inc" -I"C:/Users/diego/Documents/Especializacion Sistemas Embebidos/Primer Bimestre/Programacion de Microprocesadores/TP_Final/Test/Drivers/API/API_Control_Estados/inc" -O0 -ffunction-sections -fdata-sections -Wall -fstack-usage -MMD -MP -MF"Drivers/STM32F4xx_HAL_Driver/Src/stm32f4xx_hal_rcc.d" -MT"Drivers/STM32F4xx_HAL_Driver/Src/stm32f4xx_hal_rcc.o" --specs=nano.specs -mfpu=fpv4-sp-d16 -mfloat-abi=hard -mthumb -o "Drivers/STM32F4xx_HAL_Driver/Src/stm32f4xx_hal_rcc.o"
arm-none-eabi-gcc "../Drivers/STM32F4xx_HAL_Driver/Src/stm32f4xx_hal_rcc_ex.c" -mcpu=cortex-m4 -std=gnu11 -g3 -DDEBUG -DUSE_HAL_DRIVER -DSTM32F429xx -c -I../Core/Inc -I../Drivers/STM32F4xx_HAL_Driver/Inc -I../Drivers/STM32F4xx_HAL_Driver/Inc/Legacy -I../Drivers/CMSIS/Device/ST/STM32F4xx/Include -I../Drivers/CMSIS/Include -I"C:/Users/diego/Documents/Especializacion Sistemas Embebidos/Primer Bimestre/Programacion de Microprocesadores/TP_Final/Test/Drivers/API/SensorTemp/inc" -I"C:/Users/diego/Documents/Especializacion Sistemas Embebidos/Primer Bimestre/Programacion de Microprocesadores/TP_Final/Test/Drivers/API/Buzzer/inc" -I"C:/Users/diego/Documents/Especializacion Sistemas Embebidos/Primer Bimestre/Programacion de Microprocesadores/TP_Final/Test/Drivers/API/API_uart/inc" -I"C:/Users/diego/Documents/Especializacion Sistemas Embebidos/Primer Bimestre/Programacion de Microprocesadores/TP_Final/Test/Drivers/API/API_delay/inc" -I"C:/Users/diego/Documents/Especializacion Sistemas Embebidos/Primer Bimestre/Programacion de Microprocesadores/TP_Final/Test/Drivers/API/API_debounce/inc" -I"C:/Users/diego/Documents/Especializacion Sistemas Embebidos/Primer Bimestre/Programacion de Microprocesadores/TP_Final/Test/Drivers/API/API_Control_Estados/inc" -O0 -ffunction-sections -fdata-sections -Wall -fstack-usage -MMD -MP -MF"Drivers/STM32F4xx_HAL_Driver/Src/stm32f4xx_hal_rcc_ex.d" -MT"Drivers/STM32F4xx_HAL_Driver/Src/stm32f4xx_hal_rcc_ex.o" --specs=nano.specs -mfpu=fpv4-sp-d16 -mfloat-abi=hard -mthumb -o "Drivers/STM32F4xx_HAL_Driver/Src/stm32f4xx_hal_rcc_ex.o"
arm-none-eabi-gcc "../Drivers/STM32F4xx_HAL_Driver/Src/stm32f4xx_hal_tim.c" -mcpu=cortex-m4 -std=gnu11 -g3 -DDEBUG -DUSE_HAL_DRIVER -DSTM32F429xx -c -I../Core/Inc -I../Drivers/STM32F4xx_HAL_Driver/Inc -I../Drivers/STM32F4xx_HAL_Driver/Inc/Legacy -I../Drivers/CMSIS/Device/ST/STM32F4xx/Include -I../Drivers/CMSIS/Include -I"C:/Users/diego/Documents/Especializacion Sistemas Embebidos/Primer Bimestre/Programacion de Microprocesadores/TP_Final/Test/Drivers/API/SensorTemp/inc" -I"C:/Users/diego/Documents/Especializacion Sistemas Embebidos/Primer Bimestre/Programacion de Microprocesadores/TP_Final/Test/Drivers/API/Buzzer/inc" -I"C:/Users/diego/Documents/Especializacion Sistemas Embebidos/Primer Bimestre/Programacion de Microprocesadores/TP_Final/Test/Drivers/API/API_uart/inc" -I"C:/Users/diego/Documents/Especializacion Sistemas Embebidos/Primer Bimestre/Programacion de Microprocesadores/TP_Final/Test/Drivers/API/API_delay/inc" -I"C:/Users/diego/Documents/Especializacion Sistemas Embebidos/Primer Bimestre/Programacion de Microprocesadores/TP_Final/Test/Drivers/API/API_debounce/inc" -I"C:/Users/diego/Documents/Especializacion Sistemas Embebidos/Primer Bimestre/Programacion de Microprocesadores/TP_Final/Test/Drivers/API/API_Control_Estados/inc" -O0 -ffunction-sections -fdata-sections -Wall -fstack-usage -MMD -MP -MF"Drivers/STM32F4xx_HAL_Driver/Src/stm32f4xx_hal_tim.d" -MT"Drivers/STM32F4xx_HAL_Driver/Src/stm32f4xx_hal_tim.o" --specs=nano.specs -mfpu=fpv4-sp-d16 -mfloat-abi=hard -mthumb -o "Drivers/STM32F4xx_HAL_Driver/Src/stm32f4xx_hal_tim.o"
arm-none-eabi-gcc "../Drivers/STM32F4xx_HAL_Driver/Src/stm32f4xx_hal_tim_ex.c" -mcpu=cortex-m4 -std=gnu11 -g3 -DDEBUG -DUSE_HAL_DRIVER -DSTM32F429xx -c -I../Core/Inc -I../Drivers/STM32F4xx_HAL_Driver/Inc -I../Drivers/STM32F4xx_HAL_Driver/Inc/Legacy -I../Drivers/CMSIS/Device/ST/STM32F4xx/Include -I../Drivers/CMSIS/Include -I"C:/Users/diego/Documents/Especializacion Sistemas Embebidos/Primer Bimestre/Programacion de Microprocesadores/TP_Final/Test/Drivers/API/SensorTemp/inc" -I"C:/Users/diego/Documents/Especializacion Sistemas Embebidos/Primer Bimestre/Programacion de Microprocesadores/TP_Final/Test/Drivers/API/Buzzer/inc" -I"C:/Users/diego/Documents/Especializacion Sistemas Embebidos/Primer Bimestre/Programacion de Microprocesadores/TP_Final/Test/Drivers/API/API_uart/inc" -I"C:/Users/diego/Documents/Especializacion Sistemas Embebidos/Primer Bimestre/Programacion de Microprocesadores/TP_Final/Test/Drivers/API/API_delay/inc" -I"C:/Users/diego/Documents/Especializacion Sistemas Embebidos/Primer Bimestre/Programacion de Microprocesadores/TP_Final/Test/Drivers/API/API_debounce/inc" -I"C:/Users/diego/Documents/Especializacion Sistemas Embebidos/Primer Bimestre/Programacion de Microprocesadores/TP_Final/Test/Drivers/API/API_Control_Estados/inc" -O0 -ffunction-sections -fdata-sections -Wall -fstack-usage -MMD -MP -MF"Drivers/STM32F4xx_HAL_Driver/Src/stm32f4xx_hal_tim_ex.d" -MT"Drivers/STM32F4xx_HAL_Driver/Src/stm32f4xx_hal_tim_ex.o" --specs=nano.specs -mfpu=fpv4-sp-d16 -mfloat-abi=hard -mthumb -o "Drivers/STM32F4xx_HAL_Driver/Src/stm32f4xx_hal_tim_ex.o"
arm-none-eabi-gcc "../Drivers/STM32F4xx_HAL_Driver/Src/stm32f4xx_hal_uart.c" -mcpu=cortex-m4 -std=gnu11 -g3 -DDEBUG -DUSE_HAL_DRIVER -DSTM32F429xx -c -I../Core/Inc -I../Drivers/STM32F4xx_HAL_Driver/Inc -I../Drivers/STM32F4xx_HAL_Driver/Inc/Legacy -I../Drivers/CMSIS/Device/ST/STM32F4xx/Include -I../Drivers/CMSIS/Include -I"C:/Users/diego/Documents/Especializacion Sistemas Embebidos/Primer Bimestre/Programacion de Microprocesadores/TP_Final/Test/Drivers/API/SensorTemp/inc" -I"C:/Users/diego/Documents/Especializacion Sistemas Embebidos/Primer Bimestre/Programacion de Microprocesadores/TP_Final/Test/Drivers/API/Buzzer/inc" -I"C:/Users/diego/Documents/Especializacion Sistemas Embebidos/Primer Bimestre/Programacion de Microprocesadores/TP_Final/Test/Drivers/API/API_uart/inc" -I"C:/Users/diego/Documents/Especializacion Sistemas Embebidos/Primer Bimestre/Programacion de Microprocesadores/TP_Final/Test/Drivers/API/API_delay/inc" -I"C:/Users/diego/Documents/Especializacion Sistemas Embebidos/Primer Bimestre/Programacion de Microprocesadores/TP_Final/Test/Drivers/API/API_debounce/inc" -I"C:/Users/diego/Documents/Especializacion Sistemas Embebidos/Primer Bimestre/Programacion de Microprocesadores/TP_Final/Test/Drivers/API/API_Control_Estados/inc" -O0 -ffunction-sections -fdata-sections -Wall -fstack-usage -MMD -MP -MF"Drivers/STM32F4xx_HAL_Driver/Src/stm32f4xx_hal_uart.d" -MT"Drivers/STM32F4xx_HAL_Driver/Src/stm32f4xx_hal_uart.o" --specs=nano.specs -mfpu=fpv4-sp-d16 -mfloat-abi=hard -mthumb -o "Drivers/STM32F4xx_HAL_Driver/Src/stm32f4xx_hal_uart.o"
arm-none-eabi-gcc "../Drivers/STM32F4xx_HAL_Driver/Src/stm32f4xx_ll_adc.c" -mcpu=cortex-m4 -std=gnu11 -g3 -DDEBUG -DUSE_HAL_DRIVER -DSTM32F429xx -c -I../Core/Inc -I../Drivers/STM32F4xx_HAL_Driver/Inc -I../Drivers/STM32F4xx_HAL_Driver/Inc/Legacy -I../Drivers/CMSIS/Device/ST/STM32F4xx/Include -I../Drivers/CMSIS/Include -I"C:/Users/diego/Documents/Especializacion Sistemas Embebidos/Primer Bimestre/Programacion de Microprocesadores/TP_Final/Test/Drivers/API/SensorTemp/inc" -I"C:/Users/diego/Documents/Especializacion Sistemas Embebidos/Primer Bimestre/Programacion de Microprocesadores/TP_Final/Test/Drivers/API/Buzzer/inc" -I"C:/Users/diego/Documents/Especializacion Sistemas Embebidos/Primer Bimestre/Programacion de Microprocesadores/TP_Final/Test/Drivers/API/API_uart/inc" -I"C:/Users/diego/Documents/Especializacion Sistemas Embebidos/Primer Bimestre/Programacion de Microprocesadores/TP_Final/Test/Drivers/API/API_delay/inc" -I"C:/Users/diego/Documents/Especializacion Sistemas Embebidos/Primer Bimestre/Programacion de Microprocesadores/TP_Final/Test/Drivers/API/API_debounce/inc" -I"C:/Users/diego/Documents/Especializacion Sistemas Embebidos/Primer Bimestre/Programacion de Microprocesadores/TP_Final/Test/Drivers/API/API_Control_Estados/inc" -O0 -ffunction-sections -fdata-sections -Wall -fstack-usage -MMD -MP -MF"Drivers/STM32F4xx_HAL_Driver/Src/stm32f4xx_ll_adc.d" -MT"Drivers/STM32F4xx_HAL_Driver/Src/stm32f4xx_ll_adc.o" --specs=nano.specs -mfpu=fpv4-sp-d16 -mfloat-abi=hard -mthumb -o "Drivers/STM32F4xx_HAL_Driver/Src/stm32f4xx_ll_adc.o"
arm-none-eabi-gcc "../Drivers/STM32F4xx_HAL_Driver/Src/stm32f4xx_ll_usb.c" -mcpu=cortex-m4 -std=gnu11 -g3 -DDEBUG -DUSE_HAL_DRIVER -DSTM32F429xx -c -I../Core/Inc -I../Drivers/STM32F4xx_HAL_Driver/Inc -I../Drivers/STM32F4xx_HAL_Driver/Inc/Legacy -I../Drivers/CMSIS/Device/ST/STM32F4xx/Include -I../Drivers/CMSIS/Include -I"C:/Users/diego/Documents/Especializacion Sistemas Embebidos/Primer Bimestre/Programacion de Microprocesadores/TP_Final/Test/Drivers/API/SensorTemp/inc" -I"C:/Users/diego/Documents/Especializacion Sistemas Embebidos/Primer Bimestre/Programacion de Microprocesadores/TP_Final/Test/Drivers/API/Buzzer/inc" -I"C:/Users/diego/Documents/Especializacion Sistemas Embebidos/Primer Bimestre/Programacion de Microprocesadores/TP_Final/Test/Drivers/API/API_uart/inc" -I"C:/Users/diego/Documents/Especializacion Sistemas Embebidos/Primer Bimestre/Programacion de Microprocesadores/TP_Final/Test/Drivers/API/API_delay/inc" -I"C:/Users/diego/Documents/Especializacion Sistemas Embebidos/Primer Bimestre/Programacion de Microprocesadores/TP_Final/Test/Drivers/API/API_debounce/inc" -I"C:/Users/diego/Documents/Especializacion Sistemas Embebidos/Primer Bimestre/Programacion de Microprocesadores/TP_Final/Test/Drivers/API/API_Control_Estados/inc" -O0 -ffunction-sections -fdata-sections -Wall -fstack-usage -MMD -MP -MF"Drivers/STM32F4xx_HAL_Driver/Src/stm32f4xx_ll_usb.d" -MT"Drivers/STM32F4xx_HAL_Driver/Src/stm32f4xx_ll_usb.o" --specs=nano.specs -mfpu=fpv4-sp-d16 -mfloat-abi=hard -mthumb -o "Drivers/STM32F4xx_HAL_Driver/Src/stm32f4xx_ll_usb.o"
arm-none-eabi-gcc "../Drivers/API/SensorTemp/src/SensorTemp.c" -mcpu=cortex-m4 -std=gnu11 -g3 -DDEBUG -DUSE_HAL_DRIVER -DSTM32F429xx -c -I../Core/Inc -I../Drivers/STM32F4xx_HAL_Driver/Inc -I../Drivers/STM32F4xx_HAL_Driver/Inc/Legacy -I../Drivers/CMSIS/Device/ST/STM32F4xx/Include -I../Drivers/CMSIS/Include -I"C:/Users/diego/Documents/Especializacion Sistemas Embebidos/Primer Bimestre/Programacion de Microprocesadores/TP_Final/Test/Drivers/API/SensorTemp/inc" -I"C:/Users/diego/Documents/Especializacion Sistemas Embebidos/Primer Bimestre/Programacion de Microprocesadores/TP_Final/Test/Drivers/API/Buzzer/inc" -I"C:/Users/diego/Documents/Especializacion Sistemas Embebidos/Primer Bimestre/Programacion de Microprocesadores/TP_Final/Test/Drivers/API/API_uart/inc" -I"C:/Users/diego/Documents/Especializacion Sistemas Embebidos/Primer Bimestre/Programacion de Microprocesadores/TP_Final/Test/Drivers/API/API_delay/inc" -I"C:/Users/diego/Documents/Especializacion Sistemas Embebidos/Primer Bimestre/Programacion de Microprocesadores/TP_Final/Test/Drivers/API/API_debounce/inc" -I"C:/Users/diego/Documents/Especializacion Sistemas Embebidos/Primer Bimestre/Programacion de Microprocesadores/TP_Final/Test/Drivers/API/API_Control_Estados/inc" -O0 -ffunction-sections -fdata-sections -Wall -fstack-usage -MMD -MP -MF"Drivers/API/SensorTemp/src/SensorTemp.d" -MT"Drivers/API/SensorTemp/src/SensorTemp.o" --specs=nano.specs -mfpu=fpv4-sp-d16 -mfloat-abi=hard -mthumb -o "Drivers/API/SensorTemp/src/SensorTemp.o"
arm-none-eabi-gcc "../Drivers/API/Buzzer/src/Buzzer.c" -mcpu=cortex-m4 -std=gnu11 -g3 -DDEBUG -DUSE_HAL_DRIVER -DSTM32F429xx -c -I../Core/Inc -I../Drivers/STM32F4xx_HAL_Driver/Inc -I../Drivers/STM32F4xx_HAL_Driver/Inc/Legacy -I../Drivers/CMSIS/Device/ST/STM32F4xx/Include -I../Drivers/CMSIS/Include -I"C:/Users/diego/Documents/Especializacion Sistemas Embebidos/Primer Bimestre/Programacion de Microprocesadores/TP_Final/Test/Drivers/API/SensorTemp/inc" -I"C:/Users/diego/Documents/Especializacion Sistemas Embebidos/Primer Bimestre/Programacion de Microprocesadores/TP_Final/Test/Drivers/API/Buzzer/inc" -I"C:/Users/diego/Documents/Especializacion Sistemas Embebidos/Primer Bimestre/Programacion de Microprocesadores/TP_Final/Test/Drivers/API/API_uart/inc" -I"C:/Users/diego/Documents/Especializacion Sistemas Embebidos/Primer Bimestre/Programacion de Microprocesadores/TP_Final/Test/Drivers/API/API_delay/inc" -I"C:/Users/diego/Documents/Especializacion Sistemas Embebidos/Primer Bimestre/Programacion de Microprocesadores/TP_Final/Test/Drivers/API/API_debounce/inc" -I"C:/Users/diego/Documents/Especializacion Sistemas Embebidos/Primer Bimestre/Programacion de Microprocesadores/TP_Final/Test/Drivers/API/API_Control_Estados/inc" -O0 -ffunction-sections -fdata-sections -Wall -fstack-usage -MMD -MP -MF"Drivers/API/Buzzer/src/Buzzer.d" -MT"Drivers/API/Buzzer/src/Buzzer.o" --specs=nano.specs -mfpu=fpv4-sp-d16 -mfloat-abi=hard -mthumb -o "Drivers/API/Buzzer/src/Buzzer.o"
../Drivers/API/SensorTemp/src/SensorTemp.c: In function 'MX_ADC1_Init':
../Drivers/API/SensorTemp/src/SensorTemp.c:64:5: warning: implicit declaration of function 'Error_Handler' [-Wimplicit-function-declaration]
   64 |     Error_Handler();
      |     ^~~~~~~~~~~~~
arm-none-eabi-gcc "../Drivers/API/API_uart/src/API_uart.c" -mcpu=cortex-m4 -std=gnu11 -g3 -DDEBUG -DUSE_HAL_DRIVER -DSTM32F429xx -c -I../Core/Inc -I../Drivers/STM32F4xx_HAL_Driver/Inc -I../Drivers/STM32F4xx_HAL_Driver/Inc/Legacy -I../Drivers/CMSIS/Device/ST/STM32F4xx/Include -I../Drivers/CMSIS/Include -I"C:/Users/diego/Documents/Especializacion Sistemas Embebidos/Primer Bimestre/Programacion de Microprocesadores/TP_Final/Test/Drivers/API/SensorTemp/inc" -I"C:/Users/diego/Documents/Especializacion Sistemas Embebidos/Primer Bimestre/Programacion de Microprocesadores/TP_Final/Test/Drivers/API/Buzzer/inc" -I"C:/Users/diego/Documents/Especializacion Sistemas Embebidos/Primer Bimestre/Programacion de Microprocesadores/TP_Final/Test/Drivers/API/API_uart/inc" -I"C:/Users/diego/Documents/Especializacion Sistemas Embebidos/Primer Bimestre/Programacion de Microprocesadores/TP_Final/Test/Drivers/API/API_delay/inc" -I"C:/Users/diego/Documents/Especializacion Sistemas Embebidos/Primer Bimestre/Programacion de Microprocesadores/TP_Final/Test/Drivers/API/API_debounce/inc" -I"C:/Users/diego/Documents/Especializacion Sistemas Embebidos/Primer Bimestre/Programacion de Microprocesadores/TP_Final/Test/Drivers/API/API_Control_Estados/inc" -O0 -ffunction-sections -fdata-sections -Wall -fstack-usage -MMD -MP -MF"Drivers/API/API_uart/src/API_uart.d" -MT"Drivers/API/API_uart/src/API_uart.o" --specs=nano.specs -mfpu=fpv4-sp-d16 -mfloat-abi=hard -mthumb -o "Drivers/API/API_uart/src/API_uart.o"
arm-none-eabi-gcc "../Drivers/API/API_delay/src/API_delay.c" -mcpu=cortex-m4 -std=gnu11 -g3 -DDEBUG -DUSE_HAL_DRIVER -DSTM32F429xx -c -I../Core/Inc -I../Drivers/STM32F4xx_HAL_Driver/Inc -I../Drivers/STM32F4xx_HAL_Driver/Inc/Legacy -I../Drivers/CMSIS/Device/ST/STM32F4xx/Include -I../Drivers/CMSIS/Include -I"C:/Users/diego/Documents/Especializacion Sistemas Embebidos/Primer Bimestre/Programacion de Microprocesadores/TP_Final/Test/Drivers/API/SensorTemp/inc" -I"C:/Users/diego/Documents/Especializacion Sistemas Embebidos/Primer Bimestre/Programacion de Microprocesadores/TP_Final/Test/Drivers/API/Buzzer/inc" -I"C:/Users/diego/Documents/Especializacion Sistemas Embebidos/Primer Bimestre/Programacion de Microprocesadores/TP_Final/Test/Drivers/API/API_uart/inc" -I"C:/Users/diego/Documents/Especializacion Sistemas Embebidos/Primer Bimestre/Programacion de Microprocesadores/TP_Final/Test/Drivers/API/API_delay/inc" -I"C:/Users/diego/Documents/Especializacion Sistemas Embebidos/Primer Bimestre/Programacion de Microprocesadores/TP_Final/Test/Drivers/API/API_debounce/inc" -I"C:/Users/diego/Documents/Especializacion Sistemas Embebidos/Primer Bimestre/Programacion de Microprocesadores/TP_Final/Test/Drivers/API/API_Control_Estados/inc" -O0 -ffunction-sections -fdata-sections -Wall -fstack-usage -MMD -MP -MF"Drivers/API/API_delay/src/API_delay.d" -MT"Drivers/API/API_delay/src/API_delay.o" --specs=nano.specs -mfpu=fpv4-sp-d16 -mfloat-abi=hard -mthumb -o "Drivers/API/API_delay/src/API_delay.o"
arm-none-eabi-gcc "../Drivers/API/API_debounce/src/API_debounce.c" -mcpu=cortex-m4 -std=gnu11 -g3 -DDEBUG -DUSE_HAL_DRIVER -DSTM32F429xx -c -I../Core/Inc -I../Drivers/STM32F4xx_HAL_Driver/Inc -I../Drivers/STM32F4xx_HAL_Driver/Inc/Legacy -I../Drivers/CMSIS/Device/ST/STM32F4xx/Include -I../Drivers/CMSIS/Include -I"C:/Users/diego/Documents/Especializacion Sistemas Embebidos/Primer Bimestre/Programacion de Microprocesadores/TP_Final/Test/Drivers/API/SensorTemp/inc" -I"C:/Users/diego/Documents/Especializacion Sistemas Embebidos/Primer Bimestre/Programacion de Microprocesadores/TP_Final/Test/Drivers/API/Buzzer/inc" -I"C:/Users/diego/Documents/Especializacion Sistemas Embebidos/Primer Bimestre/Programacion de Microprocesadores/TP_Final/Test/Drivers/API/API_uart/inc" -I"C:/Users/diego/Documents/Especializacion Sistemas Embebidos/Primer Bimestre/Programacion de Microprocesadores/TP_Final/Test/Drivers/API/API_delay/inc" -I"C:/Users/diego/Documents/Especializacion Sistemas Embebidos/Primer Bimestre/Programacion de Microprocesadores/TP_Final/Test/Drivers/API/API_debounce/inc" -I"C:/Users/diego/Documents/Especializacion Sistemas Embebidos/Primer Bimestre/Programacion de Microprocesadores/TP_Final/Test/Drivers/API/API_Control_Estados/inc" -O0 -ffunction-sections -fdata-sections -Wall -fstack-usage -MMD -MP -MF"Drivers/API/API_debounce/src/API_debounce.d" -MT"Drivers/API/API_debounce/src/API_debounce.o" --specs=nano.specs -mfpu=fpv4-sp-d16 -mfloat-abi=hard -mthumb -o "Drivers/API/API_debounce/src/API_debounce.o"
arm-none-eabi-gcc "../Drivers/API/API_Control_Estados/src/API_Control_Estados.c" -mcpu=cortex-m4 -std=gnu11 -g3 -DDEBUG -DUSE_HAL_DRIVER -DSTM32F429xx -c -I../Core/Inc -I../Drivers/STM32F4xx_HAL_Driver/Inc -I../Drivers/STM32F4xx_HAL_Driver/Inc/Legacy -I../Drivers/CMSIS/Device/ST/STM32F4xx/Include -I../Drivers/CMSIS/Include -I"C:/Users/diego/Documents/Especializacion Sistemas Embebidos/Primer Bimestre/Programacion de Microprocesadores/TP_Final/Test/Drivers/API/SensorTemp/inc" -I"C:/Users/diego/Documents/Especializacion Sistemas Embebidos/Primer Bimestre/Programacion de Microprocesadores/TP_Final/Test/Drivers/API/Buzzer/inc" -I"C:/Users/diego/Documents/Especializacion Sistemas Embebidos/Primer Bimestre/Programacion de Microprocesadores/TP_Final/Test/Drivers/API/API_uart/inc" -I"C:/Users/diego/Documents/Especializacion Sistemas Embebidos/Primer Bimestre/Programacion de Microprocesadores/TP_Final/Test/Drivers/API/API_delay/inc" -I"C:/Users/diego/Documents/Especializacion Sistemas Embebidos/Primer Bimestre/Programacion de Microprocesadores/TP_Final/Test/Drivers/API/API_debounce/inc" -I"C:/Users/diego/Documents/Especializacion Sistemas Embebidos/Primer Bimestre/Programacion de Microprocesadores/TP_Final/Test/Drivers/API/API_Control_Estados/inc" -O0 -ffunction-sections -fdata-sections -Wall -fstack-usage -MMD -MP -MF"Drivers/API/API_Control_Estados/src/API_Control_Estados.d" -MT"Drivers/API/API_Control_Estados/src/API_Control_Estados.o" --specs=nano.specs -mfpu=fpv4-sp-d16 -mfloat-abi=hard -mthumb -o "Drivers/API/API_Control_Estados/src/API_Control_Estados.o"
../Drivers/API/API_delay/src/API_delay.c: In function 'delayReadState':
../Drivers/API/API_delay/src/API_delay.c:33:21: warning: implicit declaration of function 'HAL_GetTick' [-Wimplicit-function-declaration]
   33 |    delay->startTime=HAL_GetTick();
      |                     ^~~~~~~~~~~
arm-none-eabi-gcc -mcpu=cortex-m4 -g3 -DDEBUG -c -I"C:/Users/diego/Documents/Especializacion Sistemas Embebidos/Primer Bimestre/Programacion de Microprocesadores/TP_Final/Test/Drivers/API/SensorTemp/inc" -I"C:/Users/diego/Documents/Especializacion Sistemas Embebidos/Primer Bimestre/Programacion de Microprocesadores/TP_Final/Test/Drivers/API/Buzzer/inc" -I"C:/Users/diego/Documents/Especializacion Sistemas Embebidos/Primer Bimestre/Programacion de Microprocesadores/TP_Final/Test/Drivers/API/API_uart/inc" -I"C:/Users/diego/Documents/Especializacion Sistemas Embebidos/Primer Bimestre/Programacion de Microprocesadores/TP_Final/Test/Drivers/API/API_delay/inc" -I"C:/Users/diego/Documents/Especializacion Sistemas Embebidos/Primer Bimestre/Programacion de Microprocesadores/TP_Final/Test/Drivers/API/API_debounce/inc" -I"C:/Users/diego/Documents/Especializacion Sistemas Embebidos/Primer Bimestre/Programacion de Microprocesadores/TP_Final/Test/Drivers/API/API_Control_Estados/inc" -x assembler-with-cpp -MMD -MP -MF"Core/Startup/startup_stm32f429zitx.d" -MT"Core/Startup/startup_stm32f429zitx.o" --specs=nano.specs -mfpu=fpv4-sp-d16 -mfloat-abi=hard -mthumb -o "Core/Startup/startup_stm32f429zitx.o" "../Core/Startup/startup_stm32f429zitx.s"
arm-none-eabi-gcc "../Core/Src/main.c" -mcpu=cortex-m4 -std=gnu11 -g3 -DDEBUG -DUSE_HAL_DRIVER -DSTM32F429xx -c -I../Core/Inc -I../Drivers/STM32F4xx_HAL_Driver/Inc -I../Drivers/STM32F4xx_HAL_Driver/Inc/Legacy -I../Drivers/CMSIS/Device/ST/STM32F4xx/Include -I../Drivers/CMSIS/Include -I"C:/Users/diego/Documents/Especializacion Sistemas Embebidos/Primer Bimestre/Programacion de Microprocesadores/TP_Final/Test/Drivers/API/SensorTemp/inc" -I"C:/Users/diego/Documents/Especializacion Sistemas Embebidos/Primer Bimestre/Programacion de Microprocesadores/TP_Final/Test/Drivers/API/Buzzer/inc" -I"C:/Users/diego/Documents/Especializacion Sistemas Embebidos/Primer Bimestre/Programacion de Microprocesadores/TP_Final/Test/Drivers/API/API_uart/inc" -I"C:/Users/diego/Documents/Especializacion Sistemas Embebidos/Primer Bimestre/Programacion de Microprocesadores/TP_Final/Test/Drivers/API/API_delay/inc" -I"C:/Users/diego/Documents/Especializacion Sistemas Embebidos/Primer Bimestre/Programacion de Microprocesadores/TP_Final/Test/Drivers/API/API_debounce/inc" -I"C:/Users/diego/Documents/Especializacion Sistemas Embebidos/Primer Bimestre/Programacion de Microprocesadores/TP_Final/Test/Drivers/API/API_Control_Estados/inc" -O0 -ffunction-sections -fdata-sections -Wall -fstack-usage -MMD -MP -MF"Core/Src/main.d" -MT"Core/Src/main.o" --specs=nano.specs -mfpu=fpv4-sp-d16 -mfloat-abi=hard -mthumb -o "Core/Src/main.o"
In file included from C:/Users/diego/Documents/Especializacion Sistemas Embebidos/Primer Bimestre/Programacion de Microprocesadores/TP_Final/Test/Drivers/API/API_Control_Estados/inc/API_Control_Estados.h:12,
                 from ../Drivers/API/API_Control_Estados/src/API_Control_Estados.c:9:
C:/Users/diego/Documents/Especializacion Sistemas Embebidos/Primer Bimestre/Programacion de Microprocesadores/TP_Final/Test/Drivers/API/SensorTemp/inc/SensorTemp.h:23:13: warning: 'MX_ADC1_Init' declared 'static' but never defined [-Wunused-function]
   23 | static void MX_ADC1_Init(void);
      |             ^~~~~~~~~~~~
arm-none-eabi-gcc "../Core/Src/stm32f4xx_hal_msp.c" -mcpu=cortex-m4 -std=gnu11 -g3 -DDEBUG -DUSE_HAL_DRIVER -DSTM32F429xx -c -I../Core/Inc -I../Drivers/STM32F4xx_HAL_Driver/Inc -I../Drivers/STM32F4xx_HAL_Driver/Inc/Legacy -I../Drivers/CMSIS/Device/ST/STM32F4xx/Include -I../Drivers/CMSIS/Include -I"C:/Users/diego/Documents/Especializacion Sistemas Embebidos/Primer Bimestre/Programacion de Microprocesadores/TP_Final/Test/Drivers/API/SensorTemp/inc" -I"C:/Users/diego/Documents/Especializacion Sistemas Embebidos/Primer Bimestre/Programacion de Microprocesadores/TP_Final/Test/Drivers/API/Buzzer/inc" -I"C:/Users/diego/Documents/Especializacion Sistemas Embebidos/Primer Bimestre/Programacion de Microprocesadores/TP_Final/Test/Drivers/API/API_uart/inc" -I"C:/Users/diego/Documents/Especializacion Sistemas Embebidos/Primer Bimestre/Programacion de Microprocesadores/TP_Final/Test/Drivers/API/API_delay/inc" -I"C:/Users/diego/Documents/Especializacion Sistemas Embebidos/Primer Bimestre/Programacion de Microprocesadores/TP_Final/Test/Drivers/API/API_debounce/inc" -I"C:/Users/diego/Documents/Especializacion Sistemas Embebidos/Primer Bimestre/Programacion de Microprocesadores/TP_Final/Test/Drivers/API/API_Control_Estados/inc" -O0 -ffunction-sections -fdata-sections -Wall -fstack-usage -MMD -MP -MF"Core/Src/stm32f4xx_hal_msp.d" -MT"Core/Src/stm32f4xx_hal_msp.o" --specs=nano.specs -mfpu=fpv4-sp-d16 -mfloat-abi=hard -mthumb -o "Core/Src/stm32f4xx_hal_msp.o"
../Core/Src/main.c: In function 'main':
../Core/Src/main.c:108:3: warning: implicit declaration of function 'ControlFSM_init' [-Wimplicit-function-declaration]
  108 |   ControlFSM_init();
      |   ^~~~~~~~~~~~~~~
../Core/Src/main.c:119:4: warning: implicit declaration of function 'ControlFSM_update' [-Wimplicit-function-declaration]
  119 |    ControlFSM_update();
      |    ^~~~~~~~~~~~~~~~~
arm-none-eabi-gcc "../Core/Src/stm32f4xx_it.c" -mcpu=cortex-m4 -std=gnu11 -g3 -DDEBUG -DUSE_HAL_DRIVER -DSTM32F429xx -c -I../Core/Inc -I../Drivers/STM32F4xx_HAL_Driver/Inc -I../Drivers/STM32F4xx_HAL_Driver/Inc/Legacy -I../Drivers/CMSIS/Device/ST/STM32F4xx/Include -I../Drivers/CMSIS/Include -I"C:/Users/diego/Documents/Especializacion Sistemas Embebidos/Primer Bimestre/Programacion de Microprocesadores/TP_Final/Test/Drivers/API/SensorTemp/inc" -I"C:/Users/diego/Documents/Especializacion Sistemas Embebidos/Primer Bimestre/Programacion de Microprocesadores/TP_Final/Test/Drivers/API/Buzzer/inc" -I"C:/Users/diego/Documents/Especializacion Sistemas Embebidos/Primer Bimestre/Programacion de Microprocesadores/TP_Final/Test/Drivers/API/API_uart/inc" -I"C:/Users/diego/Documents/Especializacion Sistemas Embebidos/Primer Bimestre/Programacion de Microprocesadores/TP_Final/Test/Drivers/API/API_delay/inc" -I"C:/Users/diego/Documents/Especializacion Sistemas Embebidos/Primer Bimestre/Programacion de Microprocesadores/TP_Final/Test/Drivers/API/API_debounce/inc" -I"C:/Users/diego/Documents/Especializacion Sistemas Embebidos/Primer Bimestre/Programacion de Microprocesadores/TP_Final/Test/Drivers/API/API_Control_Estados/inc" -O0 -ffunction-sections -fdata-sections -Wall -fstack-usage -MMD -MP -MF"Core/Src/stm32f4xx_it.d" -MT"Core/Src/stm32f4xx_it.o" --specs=nano.specs -mfpu=fpv4-sp-d16 -mfloat-abi=hard -mthumb -o "Core/Src/stm32f4xx_it.o"
arm-none-eabi-gcc "../Core/Src/stm32f4xx_nucleo_144.c" -mcpu=cortex-m4 -std=gnu11 -g3 -DDEBUG -DUSE_HAL_DRIVER -DSTM32F429xx -c -I../Core/Inc -I../Drivers/STM32F4xx_HAL_Driver/Inc -I../Drivers/STM32F4xx_HAL_Driver/Inc/Legacy -I../Drivers/CMSIS/Device/ST/STM32F4xx/Include -I../Drivers/CMSIS/Include -I"C:/Users/diego/Documents/Especializacion Sistemas Embebidos/Primer Bimestre/Programacion de Microprocesadores/TP_Final/Test/Drivers/API/SensorTemp/inc" -I"C:/Users/diego/Documents/Especializacion Sistemas Embebidos/Primer Bimestre/Programacion de Microprocesadores/TP_Final/Test/Drivers/API/Buzzer/inc" -I"C:/Users/diego/Documents/Especializacion Sistemas Embebidos/Primer Bimestre/Programacion de Microprocesadores/TP_Final/Test/Drivers/API/API_uart/inc" -I"C:/Users/diego/Documents/Especializacion Sistemas Embebidos/Primer Bimestre/Programacion de Microprocesadores/TP_Final/Test/Drivers/API/API_delay/inc" -I"C:/Users/diego/Documents/Especializacion Sistemas Embebidos/Primer Bimestre/Programacion de Microprocesadores/TP_Final/Test/Drivers/API/API_debounce/inc" -I"C:/Users/diego/Documents/Especializacion Sistemas Embebidos/Primer Bimestre/Programacion de Microprocesadores/TP_Final/Test/Drivers/API/API_Control_Estados/inc" -O0 -ffunction-sections -fdata-sections -Wall -fstack-usage -MMD -MP -MF"Core/Src/stm32f4xx_nucleo_144.d" -MT"Core/Src/stm32f4xx_nucleo_144.o" --specs=nano.specs -mfpu=fpv4-sp-d16 -mfloat-abi=hard -mthumb -o "Core/Src/stm32f4xx_nucleo_144.o"
arm-none-eabi-gcc "../Core/Src/syscalls.c" -mcpu=cortex-m4 -std=gnu11 -g3 -DDEBUG -DUSE_HAL_DRIVER -DSTM32F429xx -c -I../Core/Inc -I../Drivers/STM32F4xx_HAL_Driver/Inc -I../Drivers/STM32F4xx_HAL_Driver/Inc/Legacy -I../Drivers/CMSIS/Device/ST/STM32F4xx/Include -I../Drivers/CMSIS/Include -I"C:/Users/diego/Documents/Especializacion Sistemas Embebidos/Primer Bimestre/Programacion de Microprocesadores/TP_Final/Test/Drivers/API/SensorTemp/inc" -I"C:/Users/diego/Documents/Especializacion Sistemas Embebidos/Primer Bimestre/Programacion de Microprocesadores/TP_Final/Test/Drivers/API/Buzzer/inc" -I"C:/Users/diego/Documents/Especializacion Sistemas Embebidos/Primer Bimestre/Programacion de Microprocesadores/TP_Final/Test/Drivers/API/API_uart/inc" -I"C:/Users/diego/Documents/Especializacion Sistemas Embebidos/Primer Bimestre/Programacion de Microprocesadores/TP_Final/Test/Drivers/API/API_delay/inc" -I"C:/Users/diego/Documents/Especializacion Sistemas Embebidos/Primer Bimestre/Programacion de Microprocesadores/TP_Final/Test/Drivers/API/API_debounce/inc" -I"C:/Users/diego/Documents/Especializacion Sistemas Embebidos/Primer Bimestre/Programacion de Microprocesadores/TP_Final/Test/Drivers/API/API_Control_Estados/inc" -O0 -ffunction-sections -fdata-sections -Wall -fstack-usage -MMD -MP -MF"Core/Src/syscalls.d" -MT"Core/Src/syscalls.o" --specs=nano.specs -mfpu=fpv4-sp-d16 -mfloat-abi=hard -mthumb -o "Core/Src/syscalls.o"
arm-none-eabi-gcc "../Core/Src/sysmem.c" -mcpu=cortex-m4 -std=gnu11 -g3 -DDEBUG -DUSE_HAL_DRIVER -DSTM32F429xx -c -I../Core/Inc -I../Drivers/STM32F4xx_HAL_Driver/Inc -I../Drivers/STM32F4xx_HAL_Driver/Inc/Legacy -I../Drivers/CMSIS/Device/ST/STM32F4xx/Include -I../Drivers/CMSIS/Include -I"C:/Users/diego/Documents/Especializacion Sistemas Embebidos/Primer Bimestre/Programacion de Microprocesadores/TP_Final/Test/Drivers/API/SensorTemp/inc" -I"C:/Users/diego/Documents/Especializacion Sistemas Embebidos/Primer Bimestre/Programacion de Microprocesadores/TP_Final/Test/Drivers/API/Buzzer/inc" -I"C:/Users/diego/Documents/Especializacion Sistemas Embebidos/Primer Bimestre/Programacion de Microprocesadores/TP_Final/Test/Drivers/API/API_uart/inc" -I"C:/Users/diego/Documents/Especializacion Sistemas Embebidos/Primer Bimestre/Programacion de Microprocesadores/TP_Final/Test/Drivers/API/API_delay/inc" -I"C:/Users/diego/Documents/Especializacion Sistemas Embebidos/Primer Bimestre/Programacion de Microprocesadores/TP_Final/Test/Drivers/API/API_debounce/inc" -I"C:/Users/diego/Documents/Especializacion Sistemas Embebidos/Primer Bimestre/Programacion de Microprocesadores/TP_Final/Test/Drivers/API/API_Control_Estados/inc" -O0 -ffunction-sections -fdata-sections -Wall -fstack-usage -MMD -MP -MF"Core/Src/sysmem.d" -MT"Core/Src/sysmem.o" --specs=nano.specs -mfpu=fpv4-sp-d16 -mfloat-abi=hard -mthumb -o "Core/Src/sysmem.o"
arm-none-eabi-gcc "../Core/Src/system_stm32f4xx.c" -mcpu=cortex-m4 -std=gnu11 -g3 -DDEBUG -DUSE_HAL_DRIVER -DSTM32F429xx -c -I../Core/Inc -I../Drivers/STM32F4xx_HAL_Driver/Inc -I../Drivers/STM32F4xx_HAL_Driver/Inc/Legacy -I../Drivers/CMSIS/Device/ST/STM32F4xx/Include -I../Drivers/CMSIS/Include -I"C:/Users/diego/Documents/Especializacion Sistemas Embebidos/Primer Bimestre/Programacion de Microprocesadores/TP_Final/Test/Drivers/API/SensorTemp/inc" -I"C:/Users/diego/Documents/Especializacion Sistemas Embebidos/Primer Bimestre/Programacion de Microprocesadores/TP_Final/Test/Drivers/API/Buzzer/inc" -I"C:/Users/diego/Documents/Especializacion Sistemas Embebidos/Primer Bimestre/Programacion de Microprocesadores/TP_Final/Test/Drivers/API/API_uart/inc" -I"C:/Users/diego/Documents/Especializacion Sistemas Embebidos/Primer Bimestre/Programacion de Microprocesadores/TP_Final/Test/Drivers/API/API_delay/inc" -I"C:/Users/diego/Documents/Especializacion Sistemas Embebidos/Primer Bimestre/Programacion de Microprocesadores/TP_Final/Test/Drivers/API/API_debounce/inc" -I"C:/Users/diego/Documents/Especializacion Sistemas Embebidos/Primer Bimestre/Programacion de Microprocesadores/TP_Final/Test/Drivers/API/API_Control_Estados/inc" -O0 -ffunction-sections -fdata-sections -Wall -fstack-usage -MMD -MP -MF"Core/Src/system_stm32f4xx.d" -MT"Core/Src/system_stm32f4xx.o" --specs=nano.specs -mfpu=fpv4-sp-d16 -mfloat-abi=hard -mthumb -o "Core/Src/system_stm32f4xx.o"
arm-none-eabi-gcc -o "Test.elf" @"objects.list"   -mcpu=cortex-m4 -T"C:\Users\diego\Documents\Especializacion Sistemas Embebidos\Primer Bimestre\Programacion de Microprocesadores\TP_Final\Test\STM32F429ZITX_FLASH.ld" --specs=nosys.specs -Wl,-Map="Test.map" -Wl,--gc-sections -static --specs=nano.specs -mfpu=fpv4-sp-d16 -mfloat-abi=hard -mthumb -Wl,--start-group -lc -lm -Wl,--end-group
Finished building target: Test.elf
 
arm-none-eabi-size   Test.elf 
arm-none-eabi-objdump -h -S  Test.elf  > "Test.list"
   text	   data	    bss	    dec	    hex	filename
  17372	     36	   3676	  21084	   525c	Test.elf
Finished building: default.size.stdout
 
Finished building: Test.list
 
