10:11:24 **** Incremental Build of configuration Debug for project PdM_TP_Final ****
make -j4 all 
arm-none-eabi-gcc "../Src/main.c" -mcpu=cortex-m4 -std=gnu11 -g3 -DDEBUG -DSTM32 -DSTM32F429ZITx -DSTM32F4 -DNUCLEO_F429ZI -DUSE_HAL_DRIVER -DSTM32F429xx -c -I../Inc -I"C:/Users/diego/Documents/Especializacion Sistemas Embebidos/Primer Bimestre/Programacion de Microprocesadores/TP_Final/PdM_TP_Final/Drivers/STM32F4xx_HAL_Driver/Inc" -I"C:/Users/diego/Documents/Especializacion Sistemas Embebidos/Primer Bimestre/Programacion de Microprocesadores/TP_Final/PdM_TP_Final/Drivers/CMSIS/Include" -I"C:/Users/diego/Documents/Especializacion Sistemas Embebidos/Primer Bimestre/Programacion de Microprocesadores/TP_Final/PdM_TP_Final/Drivers/CMSIS/Device/ST/STM32F4xx/Include" -I"C:/Users/diego/Documents/Especializacion Sistemas Embebidos/Primer Bimestre/Programacion de Microprocesadores/TP_Final/PdM_TP_Final/Drivers/BSP/STM32F4xx_Nucleo_144" -I"C:/Users/diego/Documents/Especializacion Sistemas Embebidos/Primer Bimestre/Programacion de Microprocesadores/TP_Final/PdM_TP_Final/Drivers/Core/Inc" -I"C:/Users/diego/Documents/Especializacion Sistemas Embebidos/Primer Bimestre/Programacion de Microprocesadores/TP_Final/PdM_TP_Final/Drivers/API/inc" -I"C:/Users/diego/Documents/Especializacion Sistemas Embebidos/Primer Bimestre/Programacion de Microprocesadores/TP_Final/PdM_TP_Final/Drivers/SensorTemp/inc" -I"C:/Users/diego/Documents/Especializacion Sistemas Embebidos/Primer Bimestre/Programacion de Microprocesadores/TP_Final/PdM_TP_Final/Drivers/STM32F4xx_HAL_Driver" -I"C:/Users/diego/Documents/Especializacion Sistemas Embebidos/Primer Bimestre/Programacion de Microprocesadores/TP_Final/PdM_TP_Final/Drivers/API/API_debounce" -I"C:/Users/diego/Documents/Especializacion Sistemas Embebidos/Primer Bimestre/Programacion de Microprocesadores/TP_Final/PdM_TP_Final/Drivers/API/API_debounce/inc" -I"C:/Users/diego/Documents/Especializacion Sistemas Embebidos/Primer Bimestre/Programacion de Microprocesadores/TP_Final/PdM_TP_Final/Drivers/Buzzer/inc" -I"C:/Users/diego/Documents/Especializacion Sistemas Embebidos/Primer Bimestre/Programacion de Microprocesadores/TP_Final/PdM_TP_Final/Drivers/API/API_uart/inc" -I"C:/Users/diego/Documents/Especializacion Sistemas Embebidos/Primer Bimestre/Programacion de Microprocesadores/TP_Final/PdM_TP_Final/Drivers/API/API_Control_Estados/inc" -O0 -ffunction-sections -fdata-sections -Wall -fstack-usage -MMD -MP -MF"Src/main.d" -MT"Src/main.o" --specs=nano.specs -mfpu=fpv4-sp-d16 -mfloat-abi=hard -mthumb -o "Src/main.o"
../Src/main.c: In function 'main':
../Src/main.c:87:2: warning: implicit declaration of function 'ControlFSM_init' [-Wimplicit-function-declaration]
   87 |  ControlFSM_init();
      |  ^~~~~~~~~~~~~~~
../Src/main.c:92:3: warning: implicit declaration of function 'ControlFSM_update' [-Wimplicit-function-declaration]
   92 |   ControlFSM_update();
      |   ^~~~~~~~~~~~~~~~~
../Src/main.c:98:3: warning: implicit declaration of function 'uartSendString' [-Wimplicit-function-declaration]
   98 |   uartSendString((uint8_t *) &AD_RES);
      |   ^~~~~~~~~~~~~~
arm-none-eabi-gcc -o "PdM_TP_Final.elf" @"objects.list"   -mcpu=cortex-m4 -T"C:\Users\diego\Documents\Especializacion Sistemas Embebidos\Primer Bimestre\Programacion de Microprocesadores\TP_Final\PdM_TP_Final\STM32F429ZITX_FLASH.ld" --specs=nosys.specs -Wl,-Map="PdM_TP_Final.map" -Wl,--gc-sections -static --specs=nano.specs -mfpu=fpv4-sp-d16 -mfloat-abi=hard -mthumb -Wl,--start-group -lc -lm -Wl,--end-group
Finished building target: PdM_TP_Final.elf
 
arm-none-eabi-size   PdM_TP_Final.elf 
arm-none-eabi-objdump -h -S  PdM_TP_Final.elf  > "PdM_TP_Final.list"
   text	   data	    bss	    dec	    hex	filename
  13180	     40	   1760	  14980	   3a84	PdM_TP_Final.elf
Finished building: default.size.stdout
 
Finished building: PdM_TP_Final.list
 

10:11:28 Build Finished. 0 errors, 3 warnings. (took 4s.5ms)

