10:03:16 **** Build of configuration Debug for project SE_P2_Ej1_FR429ZI ****
make -j4 all 
arm-none-eabi-gcc "../Src/main.c" -mcpu=cortex-m4 -std=gnu11 -g3 -DDEBUG -DSTM32 -DSTM32F429ZITx -DSTM32F4 -DNUCLEO_F429ZI -DUSE_HAL_DRIVER -DSTM32F429xx -c -I../Inc -I"C:/Users/diego/Documents/Especializacion Sistemas Embebidos/Primer Bimestre/Programacion de Microprocesadores/PdM_workspace/SE_P2_Ej1_FR429ZI/Drivers/STM32F4xx_HAL_Driver/Inc" -I"C:/Users/diego/Documents/Especializacion Sistemas Embebidos/Primer Bimestre/Programacion de Microprocesadores/PdM_workspace/SE_P2_Ej1_FR429ZI/Drivers/CMSIS/Include" -I"C:/Users/diego/Documents/Especializacion Sistemas Embebidos/Primer Bimestre/Programacion de Microprocesadores/PdM_workspace/SE_P2_Ej1_FR429ZI/Drivers/CMSIS/Device/ST/STM32F4xx/Include" -I"C:/Users/diego/Documents/Especializacion Sistemas Embebidos/Primer Bimestre/Programacion de Microprocesadores/PdM_workspace/SE_P2_Ej1_FR429ZI/Drivers/BSP/STM32F4xx_Nucleo_144" -I"C:/Users/diego/Documents/Especializacion Sistemas Embebidos/Primer Bimestre/Programacion de Microprocesadores/PdM_workspace/SE_P2_Ej1_FR429ZI/Drivers/Core/Inc" -O0 -ffunction-sections -fdata-sections -Wall -fstack-usage -MMD -MP -MF"Src/main.d" -MT"Src/main.o" --specs=nano.specs -mfpu=fpv4-sp-d16 -mfloat-abi=hard -mthumb -o "Src/main.o"
arm-none-eabi-gcc "../Drivers/STM32F4xx_HAL_Driver/Src/stm32f4xx_hal_msp.c" -mcpu=cortex-m4 -std=gnu11 -g3 -DDEBUG -DSTM32 -DSTM32F429ZITx -DSTM32F4 -DNUCLEO_F429ZI -DUSE_HAL_DRIVER -DSTM32F429xx -c -I../Inc -I"C:/Users/diego/Documents/Especializacion Sistemas Embebidos/Primer Bimestre/Programacion de Microprocesadores/PdM_workspace/SE_P2_Ej1_FR429ZI/Drivers/STM32F4xx_HAL_Driver/Inc" -I"C:/Users/diego/Documents/Especializacion Sistemas Embebidos/Primer Bimestre/Programacion de Microprocesadores/PdM_workspace/SE_P2_Ej1_FR429ZI/Drivers/CMSIS/Include" -I"C:/Users/diego/Documents/Especializacion Sistemas Embebidos/Primer Bimestre/Programacion de Microprocesadores/PdM_workspace/SE_P2_Ej1_FR429ZI/Drivers/CMSIS/Device/ST/STM32F4xx/Include" -I"C:/Users/diego/Documents/Especializacion Sistemas Embebidos/Primer Bimestre/Programacion de Microprocesadores/PdM_workspace/SE_P2_Ej1_FR429ZI/Drivers/BSP/STM32F4xx_Nucleo_144" -I"C:/Users/diego/Documents/Especializacion Sistemas Embebidos/Primer Bimestre/Programacion de Microprocesadores/PdM_workspace/SE_P2_Ej1_FR429ZI/Drivers/Core/Inc" -O0 -ffunction-sections -fdata-sections -Wall -fstack-usage -MMD -MP -MF"Drivers/STM32F4xx_HAL_Driver/Src/stm32f4xx_hal_msp.d" -MT"Drivers/STM32F4xx_HAL_Driver/Src/stm32f4xx_hal_msp.o" --specs=nano.specs -mfpu=fpv4-sp-d16 -mfloat-abi=hard -mthumb -o "Drivers/STM32F4xx_HAL_Driver/Src/stm32f4xx_hal_msp.o"
arm-none-eabi-gcc "../Drivers/Core/Src/stm32f4xx_it.c" -mcpu=cortex-m4 -std=gnu11 -g3 -DDEBUG -DSTM32 -DSTM32F429ZITx -DSTM32F4 -DNUCLEO_F429ZI -DUSE_HAL_DRIVER -DSTM32F429xx -c -I../Inc -I"C:/Users/diego/Documents/Especializacion Sistemas Embebidos/Primer Bimestre/Programacion de Microprocesadores/PdM_workspace/SE_P2_Ej1_FR429ZI/Drivers/STM32F4xx_HAL_Driver/Inc" -I"C:/Users/diego/Documents/Especializacion Sistemas Embebidos/Primer Bimestre/Programacion de Microprocesadores/PdM_workspace/SE_P2_Ej1_FR429ZI/Drivers/CMSIS/Include" -I"C:/Users/diego/Documents/Especializacion Sistemas Embebidos/Primer Bimestre/Programacion de Microprocesadores/PdM_workspace/SE_P2_Ej1_FR429ZI/Drivers/CMSIS/Device/ST/STM32F4xx/Include" -I"C:/Users/diego/Documents/Especializacion Sistemas Embebidos/Primer Bimestre/Programacion de Microprocesadores/PdM_workspace/SE_P2_Ej1_FR429ZI/Drivers/BSP/STM32F4xx_Nucleo_144" -I"C:/Users/diego/Documents/Especializacion Sistemas Embebidos/Primer Bimestre/Programacion de Microprocesadores/PdM_workspace/SE_P2_Ej1_FR429ZI/Drivers/Core/Inc" -O0 -ffunction-sections -fdata-sections -Wall -fstack-usage -MMD -MP -MF"Drivers/Core/Src/stm32f4xx_it.d" -MT"Drivers/Core/Src/stm32f4xx_it.o" --specs=nano.specs -mfpu=fpv4-sp-d16 -mfloat-abi=hard -mthumb -o "Drivers/Core/Src/stm32f4xx_it.o"
arm-none-eabi-gcc -o "SE_P2_Ej1_FR429ZI.elf" @"objects.list"   -mcpu=cortex-m4 -T"C:\Users\diego\Documents\Especializacion Sistemas Embebidos\Primer Bimestre\Programacion de Microprocesadores\PdM_workspace\SE_P2_Ej1_FR429ZI\STM32F429ZITX_FLASH.ld" --specs=nosys.specs -Wl,-Map="SE_P2_Ej1_FR429ZI.map" -Wl,--gc-sections -static --specs=nano.specs -mfpu=fpv4-sp-d16 -mfloat-abi=hard -mthumb -Wl,--start-group -lc -lm -Wl,--end-group
Finished building target: SE_P2_Ej1_FR429ZI.elf
 
arm-none-eabi-size   SE_P2_Ej1_FR429ZI.elf 
arm-none-eabi-objdump -h -S  SE_P2_Ej1_FR429ZI.elf  > "SE_P2_Ej1_FR429ZI.list"
   text	   data	    bss	    dec	    hex	filename
   6400	     32	   1568	   8000	   1f40	SE_P2_Ej1_FR429ZI.elf
Finished building: default.size.stdout
 
Finished building: SE_P2_Ej1_FR429ZI.list
 
