19:12:20 **** Incremental Build of configuration Debug for project Test ****
make -j4 all 
arm-none-eabi-gcc "../Drivers/API/SensorTemp/src/SensorTemp.c" -mcpu=cortex-m4 -std=gnu11 -g3 -DDEBUG -DUSE_HAL_DRIVER -DSTM32F429xx -c -I../Core/Inc -I../Drivers/STM32F4xx_HAL_Driver/Inc -I../Drivers/STM32F4xx_HAL_Driver/Inc/Legacy -I../Drivers/CMSIS/Device/ST/STM32F4xx/Include -I../Drivers/CMSIS/Include -I"C:/Users/diego/Documents/Especializacion Sistemas Embebidos/Primer Bimestre/Programacion de Microprocesadores/PdM_workspace/TP Final/Test/Drivers/API/SensorTemp/inc" -I"C:/Users/diego/Documents/Especializacion Sistemas Embebidos/Primer Bimestre/Programacion de Microprocesadores/PdM_workspace/TP Final/Test/Drivers/API/Buzzer/inc" -I"C:/Users/diego/Documents/Especializacion Sistemas Embebidos/Primer Bimestre/Programacion de Microprocesadores/PdM_workspace/TP Final/Test/Drivers/API/API_uart/inc" -I"C:/Users/diego/Documents/Especializacion Sistemas Embebidos/Primer Bimestre/Programacion de Microprocesadores/PdM_workspace/TP Final/Test/Drivers/API/API_delay/inc" -I"C:/Users/diego/Documents/Especializacion Sistemas Embebidos/Primer Bimestre/Programacion de Microprocesadores/PdM_workspace/TP Final/Test/Drivers/API/API_debounce/inc" -I"C:/Users/diego/Documents/Especializacion Sistemas Embebidos/Primer Bimestre/Programacion de Microprocesadores/PdM_workspace/TP Final/Test/Drivers/API/API_Control_Estados/inc" -O0 -ffunction-sections -fdata-sections -Wall -fstack-usage -MMD -MP -MF"Drivers/API/SensorTemp/src/SensorTemp.d" -MT"Drivers/API/SensorTemp/src/SensorTemp.o" --specs=nano.specs -mfpu=fpv4-sp-d16 -mfloat-abi=hard -mthumb -o "Drivers/API/SensorTemp/src/SensorTemp.o"
../Drivers/API/SensorTemp/src/SensorTemp.c: In function 'SensorTemp_Read':
../Drivers/API/SensorTemp/src/SensorTemp.c:35:13: warning: initialization of 'char' from 'char *' makes integer from pointer without a cast [-Wint-conversion]
   35 |  char msg = "";
      |             ^~
../Drivers/API/SensorTemp/src/SensorTemp.c:36:14: warning: passing argument 2 of 'itoa' makes pointer from integer without a cast [-Wint-conversion]
   36 |  itoa(AD_RES,msg,10);
      |              ^~~
      |              |
      |              char
In file included from ../Drivers/API/SensorTemp/src/SensorTemp.c:10:
c:\st\stm32cubeide_1.10.1\stm32cubeide\plugins\com.st.stm32cube.ide.mcu.externaltools.gnu-tools-for-stm32.10.3-2021.10.win32_1.0.0.202111181127\tools\arm-none-eabi\include\stdlib.h:227:19: note: expected 'char *' but argument is of type 'char'
  227 | char * itoa (int, char *, int);
      |                   ^~~~~~
../Drivers/API/SensorTemp/src/SensorTemp.c:37:17: warning: cast to pointer from integer of different size [-Wint-to-pointer-cast]
   37 |  uartSendString((uint8_t *) msg);
      |                 ^
../Drivers/API/SensorTemp/src/SensorTemp.c: In function 'MX_ADC1_Init':
../Drivers/API/SensorTemp/src/SensorTemp.c:72:5: warning: implicit declaration of function 'Error_Handler' [-Wimplicit-function-declaration]
   72 |     Error_Handler();
      |     ^~~~~~~~~~~~~
arm-none-eabi-gcc -o "Test.elf" @"objects.list"   -mcpu=cortex-m4 -T"C:\Users\diego\Documents\Especializacion Sistemas Embebidos\Primer Bimestre\Programacion de Microprocesadores\PdM_workspace\TP Final\Test\STM32F429ZITX_FLASH.ld" --specs=nosys.specs -Wl,-Map="Test.map" -Wl,--gc-sections -static --specs=nano.specs -mfpu=fpv4-sp-d16 -mfloat-abi=hard -mthumb -Wl,--start-group -lc -lm -Wl,--end-group
Finished building target: Test.elf
 
arm-none-eabi-size   Test.elf 
arm-none-eabi-objdump -h -S  Test.elf  > "Test.list"
   text	   data	    bss	    dec	    hex	filename
  19352	     36	   3676	  23064	   5a18	Test.elf
Finished building: default.size.stdout
 
Finished building: Test.list
 
19:12:25 **** Incremental Build of configuration Debug for project Test ****
make -j4 all 
arm-none-eabi-size   Test.elf 
   text	   data	    bss	    dec	    hex	filename
  19352	     36	   3676	  23064	   5a18	Test.elf
Finished building: default.size.stdout
 
19:13:31 **** Incremental Build of configuration Debug for project Test ****
make -j4 all 
arm-none-eabi-gcc "../Drivers/API/SensorTemp/src/SensorTemp.c" -mcpu=cortex-m4 -std=gnu11 -g3 -DDEBUG -DUSE_HAL_DRIVER -DSTM32F429xx -c -I../Core/Inc -I../Drivers/STM32F4xx_HAL_Driver/Inc -I../Drivers/STM32F4xx_HAL_Driver/Inc/Legacy -I../Drivers/CMSIS/Device/ST/STM32F4xx/Include -I../Drivers/CMSIS/Include -I"C:/Users/diego/Documents/Especializacion Sistemas Embebidos/Primer Bimestre/Programacion de Microprocesadores/PdM_workspace/TP Final/Test/Drivers/API/SensorTemp/inc" -I"C:/Users/diego/Documents/Especializacion Sistemas Embebidos/Primer Bimestre/Programacion de Microprocesadores/PdM_workspace/TP Final/Test/Drivers/API/Buzzer/inc" -I"C:/Users/diego/Documents/Especializacion Sistemas Embebidos/Primer Bimestre/Programacion de Microprocesadores/PdM_workspace/TP Final/Test/Drivers/API/API_uart/inc" -I"C:/Users/diego/Documents/Especializacion Sistemas Embebidos/Primer Bimestre/Programacion de Microprocesadores/PdM_workspace/TP Final/Test/Drivers/API/API_delay/inc" -I"C:/Users/diego/Documents/Especializacion Sistemas Embebidos/Primer Bimestre/Programacion de Microprocesadores/PdM_workspace/TP Final/Test/Drivers/API/API_debounce/inc" -I"C:/Users/diego/Documents/Especializacion Sistemas Embebidos/Primer Bimestre/Programacion de Microprocesadores/PdM_workspace/TP Final/Test/Drivers/API/API_Control_Estados/inc" -O0 -ffunction-sections -fdata-sections -Wall -fstack-usage -MMD -MP -MF"Drivers/API/SensorTemp/src/SensorTemp.d" -MT"Drivers/API/SensorTemp/src/SensorTemp.o" --specs=nano.specs -mfpu=fpv4-sp-d16 -mfloat-abi=hard -mthumb -o "Drivers/API/SensorTemp/src/SensorTemp.o"
../Drivers/API/SensorTemp/src/SensorTemp.c: In function 'MX_ADC1_Init':
../Drivers/API/SensorTemp/src/SensorTemp.c:72:5: warning: implicit declaration of function 'Error_Handler' [-Wimplicit-function-declaration]
   72 |     Error_Handler();
      |     ^~~~~~~~~~~~~
arm-none-eabi-gcc -o "Test.elf" @"objects.list"   -mcpu=cortex-m4 -T"C:\Users\diego\Documents\Especializacion Sistemas Embebidos\Primer Bimestre\Programacion de Microprocesadores\PdM_workspace\TP Final\Test\STM32F429ZITX_FLASH.ld" --specs=nosys.specs -Wl,-Map="Test.map" -Wl,--gc-sections -static --specs=nano.specs -mfpu=fpv4-sp-d16 -mfloat-abi=hard -mthumb -Wl,--start-group -lc -lm -Wl,--end-group
Finished building target: Test.elf
 
arm-none-eabi-size   Test.elf 
arm-none-eabi-objdump -h -S  Test.elf  > "Test.list"
   text	   data	    bss	    dec	    hex	filename
  19344	     36	   3676	  23056	   5a10	Test.elf
Finished building: default.size.stdout
 
Finished building: Test.list
 
19:16:39 **** Incremental Build of configuration Debug for project Test ****
make -j4 all 
arm-none-eabi-gcc "../Drivers/API/SensorTemp/src/SensorTemp.c" -mcpu=cortex-m4 -std=gnu11 -g3 -DDEBUG -DUSE_HAL_DRIVER -DSTM32F429xx -c -I../Core/Inc -I../Drivers/STM32F4xx_HAL_Driver/Inc -I../Drivers/STM32F4xx_HAL_Driver/Inc/Legacy -I../Drivers/CMSIS/Device/ST/STM32F4xx/Include -I../Drivers/CMSIS/Include -I"C:/Users/diego/Documents/Especializacion Sistemas Embebidos/Primer Bimestre/Programacion de Microprocesadores/PdM_workspace/TP Final/Test/Drivers/API/SensorTemp/inc" -I"C:/Users/diego/Documents/Especializacion Sistemas Embebidos/Primer Bimestre/Programacion de Microprocesadores/PdM_workspace/TP Final/Test/Drivers/API/Buzzer/inc" -I"C:/Users/diego/Documents/Especializacion Sistemas Embebidos/Primer Bimestre/Programacion de Microprocesadores/PdM_workspace/TP Final/Test/Drivers/API/API_uart/inc" -I"C:/Users/diego/Documents/Especializacion Sistemas Embebidos/Primer Bimestre/Programacion de Microprocesadores/PdM_workspace/TP Final/Test/Drivers/API/API_delay/inc" -I"C:/Users/diego/Documents/Especializacion Sistemas Embebidos/Primer Bimestre/Programacion de Microprocesadores/PdM_workspace/TP Final/Test/Drivers/API/API_debounce/inc" -I"C:/Users/diego/Documents/Especializacion Sistemas Embebidos/Primer Bimestre/Programacion de Microprocesadores/PdM_workspace/TP Final/Test/Drivers/API/API_Control_Estados/inc" -O0 -ffunction-sections -fdata-sections -Wall -fstack-usage -MMD -MP -MF"Drivers/API/SensorTemp/src/SensorTemp.d" -MT"Drivers/API/SensorTemp/src/SensorTemp.o" --specs=nano.specs -mfpu=fpv4-sp-d16 -mfloat-abi=hard -mthumb -o "Drivers/API/SensorTemp/src/SensorTemp.o"
../Drivers/API/SensorTemp/src/SensorTemp.c: In function 'SensorTemp_Read':
../Drivers/API/SensorTemp/src/SensorTemp.c:36:2: warning: implicit declaration of function 'sprintf' [-Wimplicit-function-declaration]
   36 |  sprintf(buffer, '%d', AD_RES);
      |  ^~~~~~~
../Drivers/API/SensorTemp/src/SensorTemp.c:36:2: warning: incompatible implicit declaration of built-in function 'sprintf'
../Drivers/API/SensorTemp/src/SensorTemp.c:12:1: note: include '<stdio.h>' or provide a declaration of 'sprintf'
   11 | #include "API_uart.h"
  +++ |+#include <stdio.h>
   12 | 
../Drivers/API/SensorTemp/src/SensorTemp.c:36:18: warning: multi-character character constant [-Wmultichar]
   36 |  sprintf(buffer, '%d', AD_RES);
      |                  ^~~~
../Drivers/API/SensorTemp/src/SensorTemp.c:36:18: warning: passing argument 2 of 'sprintf' makes pointer from integer without a cast [-Wint-conversion]
../Drivers/API/SensorTemp/src/SensorTemp.c:36:18: note: expected 'const char *' but argument is of type 'int'
../Drivers/API/SensorTemp/src/SensorTemp.c: In function 'MX_ADC1_Init':
../Drivers/API/SensorTemp/src/SensorTemp.c:72:5: warning: implicit declaration of function 'Error_Handler' [-Wimplicit-function-declaration]
   72 |     Error_Handler();
      |     ^~~~~~~~~~~~~
arm-none-eabi-gcc -o "Test.elf" @"objects.list"   -mcpu=cortex-m4 -T"C:\Users\diego\Documents\Especializacion Sistemas Embebidos\Primer Bimestre\Programacion de Microprocesadores\PdM_workspace\TP Final\Test\STM32F429ZITX_FLASH.ld" --specs=nosys.specs -Wl,-Map="Test.map" -Wl,--gc-sections -static --specs=nano.specs -mfpu=fpv4-sp-d16 -mfloat-abi=hard -mthumb -Wl,--start-group -lc -lm -Wl,--end-group
Finished building target: Test.elf
 
arm-none-eabi-size   Test.elf 
arm-none-eabi-objdump -h -S  Test.elf  > "Test.list"
   text	   data	    bss	    dec	    hex	filename
  21716	    136	   3704	  25556	   63d4	Test.elf
Finished building: default.size.stdout
 
Finished building: Test.list
 
19:18:02 **** Incremental Build of configuration Debug for project Test ****
make -j4 all 
arm-none-eabi-gcc "../Drivers/API/SensorTemp/src/SensorTemp.c" -mcpu=cortex-m4 -std=gnu11 -g3 -DDEBUG -DUSE_HAL_DRIVER -DSTM32F429xx -c -I../Core/Inc -I../Drivers/STM32F4xx_HAL_Driver/Inc -I../Drivers/STM32F4xx_HAL_Driver/Inc/Legacy -I../Drivers/CMSIS/Device/ST/STM32F4xx/Include -I../Drivers/CMSIS/Include -I"C:/Users/diego/Documents/Especializacion Sistemas Embebidos/Primer Bimestre/Programacion de Microprocesadores/PdM_workspace/TP Final/Test/Drivers/API/SensorTemp/inc" -I"C:/Users/diego/Documents/Especializacion Sistemas Embebidos/Primer Bimestre/Programacion de Microprocesadores/PdM_workspace/TP Final/Test/Drivers/API/Buzzer/inc" -I"C:/Users/diego/Documents/Especializacion Sistemas Embebidos/Primer Bimestre/Programacion de Microprocesadores/PdM_workspace/TP Final/Test/Drivers/API/API_uart/inc" -I"C:/Users/diego/Documents/Especializacion Sistemas Embebidos/Primer Bimestre/Programacion de Microprocesadores/PdM_workspace/TP Final/Test/Drivers/API/API_delay/inc" -I"C:/Users/diego/Documents/Especializacion Sistemas Embebidos/Primer Bimestre/Programacion de Microprocesadores/PdM_workspace/TP Final/Test/Drivers/API/API_debounce/inc" -I"C:/Users/diego/Documents/Especializacion Sistemas Embebidos/Primer Bimestre/Programacion de Microprocesadores/PdM_workspace/TP Final/Test/Drivers/API/API_Control_Estados/inc" -O0 -ffunction-sections -fdata-sections -Wall -fstack-usage -MMD -MP -MF"Drivers/API/SensorTemp/src/SensorTemp.d" -MT"Drivers/API/SensorTemp/src/SensorTemp.o" --specs=nano.specs -mfpu=fpv4-sp-d16 -mfloat-abi=hard -mthumb -o "Drivers/API/SensorTemp/src/SensorTemp.o"
../Drivers/API/SensorTemp/src/SensorTemp.c: In function 'SensorTemp_Read':
../Drivers/API/SensorTemp/src/SensorTemp.c:36:2: warning: implicit declaration of function 'sprintf' [-Wimplicit-function-declaration]
   36 |  sprintf(buffer, '%d', (int) AD_RES);
      |  ^~~~~~~
../Drivers/API/SensorTemp/src/SensorTemp.c:36:2: warning: incompatible implicit declaration of built-in function 'sprintf'
../Drivers/API/SensorTemp/src/SensorTemp.c:12:1: note: include '<stdio.h>' or provide a declaration of 'sprintf'
   11 | #include "API_uart.h"
  +++ |+#include <stdio.h>
   12 | 
../Drivers/API/SensorTemp/src/SensorTemp.c:36:18: warning: multi-character character constant [-Wmultichar]
   36 |  sprintf(buffer, '%d', (int) AD_RES);
      |                  ^~~~
../Drivers/API/SensorTemp/src/SensorTemp.c:36:18: warning: passing argument 2 of 'sprintf' makes pointer from integer without a cast [-Wint-conversion]
../Drivers/API/SensorTemp/src/SensorTemp.c:36:18: note: expected 'const char *' but argument is of type 'int'
../Drivers/API/SensorTemp/src/SensorTemp.c: In function 'MX_ADC1_Init':
../Drivers/API/SensorTemp/src/SensorTemp.c:72:5: warning: implicit declaration of function 'Error_Handler' [-Wimplicit-function-declaration]
   72 |     Error_Handler();
      |     ^~~~~~~~~~~~~
arm-none-eabi-gcc -o "Test.elf" @"objects.list"   -mcpu=cortex-m4 -T"C:\Users\diego\Documents\Especializacion Sistemas Embebidos\Primer Bimestre\Programacion de Microprocesadores\PdM_workspace\TP Final\Test\STM32F429ZITX_FLASH.ld" --specs=nosys.specs -Wl,-Map="Test.map" -Wl,--gc-sections -static --specs=nano.specs -mfpu=fpv4-sp-d16 -mfloat-abi=hard -mthumb -Wl,--start-group -lc -lm -Wl,--end-group
Finished building target: Test.elf
 
arm-none-eabi-size   Test.elf 
arm-none-eabi-objdump -h -S  Test.elf  > "Test.list"
   text	   data	    bss	    dec	    hex	filename
  21724	    136	   3704	  25564	   63dc	Test.elf
Finished building: default.size.stdout
 
Finished building: Test.list
 
19:32:17 **** Incremental Build of configuration Debug for project Test ****
make -j4 all 
arm-none-eabi-gcc "../Drivers/API/SensorTemp/src/SensorTemp.c" -mcpu=cortex-m4 -std=gnu11 -g3 -DDEBUG -DUSE_HAL_DRIVER -DSTM32F429xx -c -I../Core/Inc -I../Drivers/STM32F4xx_HAL_Driver/Inc -I../Drivers/STM32F4xx_HAL_Driver/Inc/Legacy -I../Drivers/CMSIS/Device/ST/STM32F4xx/Include -I../Drivers/CMSIS/Include -I"C:/Users/diego/Documents/Especializacion Sistemas Embebidos/Primer Bimestre/Programacion de Microprocesadores/PdM_workspace/TP Final/Test/Drivers/API/SensorTemp/inc" -I"C:/Users/diego/Documents/Especializacion Sistemas Embebidos/Primer Bimestre/Programacion de Microprocesadores/PdM_workspace/TP Final/Test/Drivers/API/Buzzer/inc" -I"C:/Users/diego/Documents/Especializacion Sistemas Embebidos/Primer Bimestre/Programacion de Microprocesadores/PdM_workspace/TP Final/Test/Drivers/API/API_uart/inc" -I"C:/Users/diego/Documents/Especializacion Sistemas Embebidos/Primer Bimestre/Programacion de Microprocesadores/PdM_workspace/TP Final/Test/Drivers/API/API_delay/inc" -I"C:/Users/diego/Documents/Especializacion Sistemas Embebidos/Primer Bimestre/Programacion de Microprocesadores/PdM_workspace/TP Final/Test/Drivers/API/API_debounce/inc" -I"C:/Users/diego/Documents/Especializacion Sistemas Embebidos/Primer Bimestre/Programacion de Microprocesadores/PdM_workspace/TP Final/Test/Drivers/API/API_Control_Estados/inc" -O0 -ffunction-sections -fdata-sections -Wall -fstack-usage -MMD -MP -MF"Drivers/API/SensorTemp/src/SensorTemp.d" -MT"Drivers/API/SensorTemp/src/SensorTemp.o" --specs=nano.specs -mfpu=fpv4-sp-d16 -mfloat-abi=hard -mthumb -o "Drivers/API/SensorTemp/src/SensorTemp.o"
../Drivers/API/SensorTemp/src/SensorTemp.c: In function 'SensorTemp_Read':
../Drivers/API/SensorTemp/src/SensorTemp.c:36:2: warning: implicit declaration of function 'sprintf' [-Wimplicit-function-declaration]
   36 |  sprintf((char*)buffer,"%02d",AD_RES);
      |  ^~~~~~~
../Drivers/API/SensorTemp/src/SensorTemp.c:36:2: warning: incompatible implicit declaration of built-in function 'sprintf'
../Drivers/API/SensorTemp/src/SensorTemp.c:12:1: note: include '<stdio.h>' or provide a declaration of 'sprintf'
   11 | #include "API_uart.h"
  +++ |+#include <stdio.h>
   12 | 
../Drivers/API/SensorTemp/src/SensorTemp.c:36:28: warning: format '%d' expects argument of type 'int', but argument 3 has type 'double' [-Wformat=]
   36 |  sprintf((char*)buffer,"%02d",AD_RES);
      |                         ~~~^  ~~~~~~
      |                            |  |
      |                            |  double
      |                            int
      |                         %02f
../Drivers/API/SensorTemp/src/SensorTemp.c: In function 'MX_ADC1_Init':
../Drivers/API/SensorTemp/src/SensorTemp.c:72:5: warning: implicit declaration of function 'Error_Handler' [-Wimplicit-function-declaration]
   72 |     Error_Handler();
      |     ^~~~~~~~~~~~~
arm-none-eabi-gcc -o "Test.elf" @"objects.list"   -mcpu=cortex-m4 -T"C:\Users\diego\Documents\Especializacion Sistemas Embebidos\Primer Bimestre\Programacion de Microprocesadores\PdM_workspace\TP Final\Test\STM32F429ZITX_FLASH.ld" --specs=nosys.specs -Wl,-Map="Test.map" -Wl,--gc-sections -static --specs=nano.specs -mfpu=fpv4-sp-d16 -mfloat-abi=hard -mthumb -Wl,--start-group -lc -lm -Wl,--end-group
Finished building target: Test.elf
 
arm-none-eabi-size   Test.elf 
arm-none-eabi-objdump -h -S  Test.elf  > "Test.list"
   text	   data	    bss	    dec	    hex	filename
  21728	    136	   3704	  25568	   63e0	Test.elf
Finished building: default.size.stdout
 
Finished building: Test.list
 
19:33:55 **** Incremental Build of configuration Debug for project Test ****
make -j4 all 
arm-none-eabi-gcc "../Drivers/API/SensorTemp/src/SensorTemp.c" -mcpu=cortex-m4 -std=gnu11 -g3 -DDEBUG -DUSE_HAL_DRIVER -DSTM32F429xx -c -I../Core/Inc -I../Drivers/STM32F4xx_HAL_Driver/Inc -I../Drivers/STM32F4xx_HAL_Driver/Inc/Legacy -I../Drivers/CMSIS/Device/ST/STM32F4xx/Include -I../Drivers/CMSIS/Include -I"C:/Users/diego/Documents/Especializacion Sistemas Embebidos/Primer Bimestre/Programacion de Microprocesadores/PdM_workspace/TP Final/Test/Drivers/API/SensorTemp/inc" -I"C:/Users/diego/Documents/Especializacion Sistemas Embebidos/Primer Bimestre/Programacion de Microprocesadores/PdM_workspace/TP Final/Test/Drivers/API/Buzzer/inc" -I"C:/Users/diego/Documents/Especializacion Sistemas Embebidos/Primer Bimestre/Programacion de Microprocesadores/PdM_workspace/TP Final/Test/Drivers/API/API_uart/inc" -I"C:/Users/diego/Documents/Especializacion Sistemas Embebidos/Primer Bimestre/Programacion de Microprocesadores/PdM_workspace/TP Final/Test/Drivers/API/API_delay/inc" -I"C:/Users/diego/Documents/Especializacion Sistemas Embebidos/Primer Bimestre/Programacion de Microprocesadores/PdM_workspace/TP Final/Test/Drivers/API/API_debounce/inc" -I"C:/Users/diego/Documents/Especializacion Sistemas Embebidos/Primer Bimestre/Programacion de Microprocesadores/PdM_workspace/TP Final/Test/Drivers/API/API_Control_Estados/inc" -O0 -ffunction-sections -fdata-sections -Wall -fstack-usage -MMD -MP -MF"Drivers/API/SensorTemp/src/SensorTemp.d" -MT"Drivers/API/SensorTemp/src/SensorTemp.o" --specs=nano.specs -mfpu=fpv4-sp-d16 -mfloat-abi=hard -mthumb -o "Drivers/API/SensorTemp/src/SensorTemp.o"
../Drivers/API/SensorTemp/src/SensorTemp.c: In function 'SensorTemp_Read':
../Drivers/API/SensorTemp/src/SensorTemp.c:36:2: warning: implicit declaration of function 'sprintf' [-Wimplicit-function-declaration]
   36 |  sprintf((char*)buffer,"%02d",(int) AD_RES);
      |  ^~~~~~~
../Drivers/API/SensorTemp/src/SensorTemp.c:36:2: warning: incompatible implicit declaration of built-in function 'sprintf'
../Drivers/API/SensorTemp/src/SensorTemp.c:12:1: note: include '<stdio.h>' or provide a declaration of 'sprintf'
   11 | #include "API_uart.h"
  +++ |+#include <stdio.h>
   12 | 
../Drivers/API/SensorTemp/src/SensorTemp.c: In function 'MX_ADC1_Init':
../Drivers/API/SensorTemp/src/SensorTemp.c:72:5: warning: implicit declaration of function 'Error_Handler' [-Wimplicit-function-declaration]
   72 |     Error_Handler();
      |     ^~~~~~~~~~~~~
arm-none-eabi-gcc -o "Test.elf" @"objects.list"   -mcpu=cortex-m4 -T"C:\Users\diego\Documents\Especializacion Sistemas Embebidos\Primer Bimestre\Programacion de Microprocesadores\PdM_workspace\TP Final\Test\STM32F429ZITX_FLASH.ld" --specs=nosys.specs -Wl,-Map="Test.map" -Wl,--gc-sections -static --specs=nano.specs -mfpu=fpv4-sp-d16 -mfloat-abi=hard -mthumb -Wl,--start-group -lc -lm -Wl,--end-group
Finished building target: Test.elf
 
arm-none-eabi-size   Test.elf 
arm-none-eabi-objdump -h -S  Test.elf  > "Test.list"
   text	   data	    bss	    dec	    hex	filename
  21736	    136	   3704	  25576	   63e8	Test.elf
Finished building: default.size.stdout
 
Finished building: Test.list
 
19:35:43 **** Incremental Build of configuration Debug for project Test ****
make -j4 all 
arm-none-eabi-gcc "../Drivers/API/SensorTemp/src/SensorTemp.c" -mcpu=cortex-m4 -std=gnu11 -g3 -DDEBUG -DUSE_HAL_DRIVER -DSTM32F429xx -c -I../Core/Inc -I../Drivers/STM32F4xx_HAL_Driver/Inc -I../Drivers/STM32F4xx_HAL_Driver/Inc/Legacy -I../Drivers/CMSIS/Device/ST/STM32F4xx/Include -I../Drivers/CMSIS/Include -I"C:/Users/diego/Documents/Especializacion Sistemas Embebidos/Primer Bimestre/Programacion de Microprocesadores/PdM_workspace/TP Final/Test/Drivers/API/SensorTemp/inc" -I"C:/Users/diego/Documents/Especializacion Sistemas Embebidos/Primer Bimestre/Programacion de Microprocesadores/PdM_workspace/TP Final/Test/Drivers/API/Buzzer/inc" -I"C:/Users/diego/Documents/Especializacion Sistemas Embebidos/Primer Bimestre/Programacion de Microprocesadores/PdM_workspace/TP Final/Test/Drivers/API/API_uart/inc" -I"C:/Users/diego/Documents/Especializacion Sistemas Embebidos/Primer Bimestre/Programacion de Microprocesadores/PdM_workspace/TP Final/Test/Drivers/API/API_delay/inc" -I"C:/Users/diego/Documents/Especializacion Sistemas Embebidos/Primer Bimestre/Programacion de Microprocesadores/PdM_workspace/TP Final/Test/Drivers/API/API_debounce/inc" -I"C:/Users/diego/Documents/Especializacion Sistemas Embebidos/Primer Bimestre/Programacion de Microprocesadores/PdM_workspace/TP Final/Test/Drivers/API/API_Control_Estados/inc" -O0 -ffunction-sections -fdata-sections -Wall -fstack-usage -MMD -MP -MF"Drivers/API/SensorTemp/src/SensorTemp.d" -MT"Drivers/API/SensorTemp/src/SensorTemp.o" --specs=nano.specs -mfpu=fpv4-sp-d16 -mfloat-abi=hard -mthumb -o "Drivers/API/SensorTemp/src/SensorTemp.o"
../Drivers/API/SensorTemp/src/SensorTemp.c: In function 'SensorTemp_Read':
../Drivers/API/SensorTemp/src/SensorTemp.c:36:2: warning: implicit declaration of function 'sprintf' [-Wimplicit-function-declaration]
   36 |  sprintf((char*)buffer,"%02d - ",(int) AD_RES);
      |  ^~~~~~~
../Drivers/API/SensorTemp/src/SensorTemp.c:36:2: warning: incompatible implicit declaration of built-in function 'sprintf'
../Drivers/API/SensorTemp/src/SensorTemp.c:12:1: note: include '<stdio.h>' or provide a declaration of 'sprintf'
   11 | #include "API_uart.h"
  +++ |+#include <stdio.h>
   12 | 
../Drivers/API/SensorTemp/src/SensorTemp.c: In function 'MX_ADC1_Init':
../Drivers/API/SensorTemp/src/SensorTemp.c:72:5: warning: implicit declaration of function 'Error_Handler' [-Wimplicit-function-declaration]
   72 |     Error_Handler();
      |     ^~~~~~~~~~~~~
arm-none-eabi-gcc -o "Test.elf" @"objects.list"   -mcpu=cortex-m4 -T"C:\Users\diego\Documents\Especializacion Sistemas Embebidos\Primer Bimestre\Programacion de Microprocesadores\PdM_workspace\TP Final\Test\STM32F429ZITX_FLASH.ld" --specs=nosys.specs -Wl,-Map="Test.map" -Wl,--gc-sections -static --specs=nano.specs -mfpu=fpv4-sp-d16 -mfloat-abi=hard -mthumb -Wl,--start-group -lc -lm -Wl,--end-group
Finished building target: Test.elf
 
arm-none-eabi-size   Test.elf 
arm-none-eabi-objdump -h -S  Test.elf  > "Test.list"
   text	   data	    bss	    dec	    hex	filename
  21736	    136	   3704	  25576	   63e8	Test.elf
Finished building: default.size.stdout
 
Finished building: Test.list
 
19:44:32 **** Incremental Build of configuration Debug for project Test ****
make -j4 all 
arm-none-eabi-size   Test.elf 
   text	   data	    bss	    dec	    hex	filename
  21736	    136	   3704	  25576	   63e8	Test.elf
Finished building: default.size.stdout
 
19:48:48 **** Incremental Build of configuration Debug for project Test ****
make -j4 all 
arm-none-eabi-size   Test.elf 
   text	   data	    bss	    dec	    hex	filename
  21736	    136	   3704	  25576	   63e8	Test.elf
Finished building: default.size.stdout
 
19:51:45 **** Incremental Build of configuration Debug for project Test ****
make -j4 all 
arm-none-eabi-size   Test.elf 
   text	   data	    bss	    dec	    hex	filename
  21736	    136	   3704	  25576	   63e8	Test.elf
Finished building: default.size.stdout
 
19:52:04 **** Incremental Build of configuration Debug for project Test ****
make -j4 all 
arm-none-eabi-size   Test.elf 
   text	   data	    bss	    dec	    hex	filename
  21736	    136	   3704	  25576	   63e8	Test.elf
Finished building: default.size.stdout
 
19:52:51 **** Incremental Build of configuration Debug for project Test ****
make -j4 all 
arm-none-eabi-size   Test.elf 
   text	   data	    bss	    dec	    hex	filename
  21736	    136	   3704	  25576	   63e8	Test.elf
Finished building: default.size.stdout
 
