13:20:50 **** Incremental Build of configuration Debug for project Test ****
make -j4 all 
arm-none-eabi-gcc "../Drivers/API/SensorTemp/src/SensorTemp.c" -mcpu=cortex-m4 -std=gnu11 -g3 -DDEBUG -DUSE_HAL_DRIVER -DSTM32F429xx -c -I../Core/Inc -I../Drivers/STM32F4xx_HAL_Driver/Inc -I../Drivers/STM32F4xx_HAL_Driver/Inc/Legacy -I../Drivers/CMSIS/Device/ST/STM32F4xx/Include -I../Drivers/CMSIS/Include -I"C:/Users/diego/Documents/Especializacion Sistemas Embebidos/Primer Bimestre/Programacion de Microprocesadores/PdM_workspace/TP_Final/Test/Drivers/API/SensorTemp/inc" -I"C:/Users/diego/Documents/Especializacion Sistemas Embebidos/Primer Bimestre/Programacion de Microprocesadores/PdM_workspace/TP_Final/Test/Drivers/API/Buzzer/inc" -I"C:/Users/diego/Documents/Especializacion Sistemas Embebidos/Primer Bimestre/Programacion de Microprocesadores/PdM_workspace/TP_Final/Test/Drivers/API/API_uart/inc" -I"C:/Users/diego/Documents/Especializacion Sistemas Embebidos/Primer Bimestre/Programacion de Microprocesadores/PdM_workspace/TP_Final/Test/Drivers/API/API_delay/inc" -I"C:/Users/diego/Documents/Especializacion Sistemas Embebidos/Primer Bimestre/Programacion de Microprocesadores/PdM_workspace/TP_Final/Test/Drivers/API/API_debounce/inc" -I"C:/Users/diego/Documents/Especializacion Sistemas Embebidos/Primer Bimestre/Programacion de Microprocesadores/PdM_workspace/TP_Final/Test/Drivers/API/API_Control_Estados/inc" -O0 -ffunction-sections -fdata-sections -Wall -fstack-usage -MMD -MP -MF"Drivers/API/SensorTemp/src/SensorTemp.d" -MT"Drivers/API/SensorTemp/src/SensorTemp.o" --specs=nano.specs -mfpu=fpv4-sp-d16 -mfloat-abi=hard -mthumb -o "Drivers/API/SensorTemp/src/SensorTemp.o"
arm-none-eabi-gcc "../Drivers/API/API_uart/src/API_uart.c" -mcpu=cortex-m4 -std=gnu11 -g3 -DDEBUG -DUSE_HAL_DRIVER -DSTM32F429xx -c -I../Core/Inc -I../Drivers/STM32F4xx_HAL_Driver/Inc -I../Drivers/STM32F4xx_HAL_Driver/Inc/Legacy -I../Drivers/CMSIS/Device/ST/STM32F4xx/Include -I../Drivers/CMSIS/Include -I"C:/Users/diego/Documents/Especializacion Sistemas Embebidos/Primer Bimestre/Programacion de Microprocesadores/PdM_workspace/TP_Final/Test/Drivers/API/SensorTemp/inc" -I"C:/Users/diego/Documents/Especializacion Sistemas Embebidos/Primer Bimestre/Programacion de Microprocesadores/PdM_workspace/TP_Final/Test/Drivers/API/Buzzer/inc" -I"C:/Users/diego/Documents/Especializacion Sistemas Embebidos/Primer Bimestre/Programacion de Microprocesadores/PdM_workspace/TP_Final/Test/Drivers/API/API_uart/inc" -I"C:/Users/diego/Documents/Especializacion Sistemas Embebidos/Primer Bimestre/Programacion de Microprocesadores/PdM_workspace/TP_Final/Test/Drivers/API/API_delay/inc" -I"C:/Users/diego/Documents/Especializacion Sistemas Embebidos/Primer Bimestre/Programacion de Microprocesadores/PdM_workspace/TP_Final/Test/Drivers/API/API_debounce/inc" -I"C:/Users/diego/Documents/Especializacion Sistemas Embebidos/Primer Bimestre/Programacion de Microprocesadores/PdM_workspace/TP_Final/Test/Drivers/API/API_Control_Estados/inc" -O0 -ffunction-sections -fdata-sections -Wall -fstack-usage -MMD -MP -MF"Drivers/API/API_uart/src/API_uart.d" -MT"Drivers/API/API_uart/src/API_uart.o" --specs=nano.specs -mfpu=fpv4-sp-d16 -mfloat-abi=hard -mthumb -o "Drivers/API/API_uart/src/API_uart.o"
arm-none-eabi-gcc "../Drivers/API/API_delay/src/API_delay.c" -mcpu=cortex-m4 -std=gnu11 -g3 -DDEBUG -DUSE_HAL_DRIVER -DSTM32F429xx -c -I../Core/Inc -I../Drivers/STM32F4xx_HAL_Driver/Inc -I../Drivers/STM32F4xx_HAL_Driver/Inc/Legacy -I../Drivers/CMSIS/Device/ST/STM32F4xx/Include -I../Drivers/CMSIS/Include -I"C:/Users/diego/Documents/Especializacion Sistemas Embebidos/Primer Bimestre/Programacion de Microprocesadores/PdM_workspace/TP_Final/Test/Drivers/API/SensorTemp/inc" -I"C:/Users/diego/Documents/Especializacion Sistemas Embebidos/Primer Bimestre/Programacion de Microprocesadores/PdM_workspace/TP_Final/Test/Drivers/API/Buzzer/inc" -I"C:/Users/diego/Documents/Especializacion Sistemas Embebidos/Primer Bimestre/Programacion de Microprocesadores/PdM_workspace/TP_Final/Test/Drivers/API/API_uart/inc" -I"C:/Users/diego/Documents/Especializacion Sistemas Embebidos/Primer Bimestre/Programacion de Microprocesadores/PdM_workspace/TP_Final/Test/Drivers/API/API_delay/inc" -I"C:/Users/diego/Documents/Especializacion Sistemas Embebidos/Primer Bimestre/Programacion de Microprocesadores/PdM_workspace/TP_Final/Test/Drivers/API/API_debounce/inc" -I"C:/Users/diego/Documents/Especializacion Sistemas Embebidos/Primer Bimestre/Programacion de Microprocesadores/PdM_workspace/TP_Final/Test/Drivers/API/API_Control_Estados/inc" -O0 -ffunction-sections -fdata-sections -Wall -fstack-usage -MMD -MP -MF"Drivers/API/API_delay/src/API_delay.d" -MT"Drivers/API/API_delay/src/API_delay.o" --specs=nano.specs -mfpu=fpv4-sp-d16 -mfloat-abi=hard -mthumb -o "Drivers/API/API_delay/src/API_delay.o"
arm-none-eabi-gcc "../Drivers/API/API_debounce/src/API_debounce.c" -mcpu=cortex-m4 -std=gnu11 -g3 -DDEBUG -DUSE_HAL_DRIVER -DSTM32F429xx -c -I../Core/Inc -I../Drivers/STM32F4xx_HAL_Driver/Inc -I../Drivers/STM32F4xx_HAL_Driver/Inc/Legacy -I../Drivers/CMSIS/Device/ST/STM32F4xx/Include -I../Drivers/CMSIS/Include -I"C:/Users/diego/Documents/Especializacion Sistemas Embebidos/Primer Bimestre/Programacion de Microprocesadores/PdM_workspace/TP_Final/Test/Drivers/API/SensorTemp/inc" -I"C:/Users/diego/Documents/Especializacion Sistemas Embebidos/Primer Bimestre/Programacion de Microprocesadores/PdM_workspace/TP_Final/Test/Drivers/API/Buzzer/inc" -I"C:/Users/diego/Documents/Especializacion Sistemas Embebidos/Primer Bimestre/Programacion de Microprocesadores/PdM_workspace/TP_Final/Test/Drivers/API/API_uart/inc" -I"C:/Users/diego/Documents/Especializacion Sistemas Embebidos/Primer Bimestre/Programacion de Microprocesadores/PdM_workspace/TP_Final/Test/Drivers/API/API_delay/inc" -I"C:/Users/diego/Documents/Especializacion Sistemas Embebidos/Primer Bimestre/Programacion de Microprocesadores/PdM_workspace/TP_Final/Test/Drivers/API/API_debounce/inc" -I"C:/Users/diego/Documents/Especializacion Sistemas Embebidos/Primer Bimestre/Programacion de Microprocesadores/PdM_workspace/TP_Final/Test/Drivers/API/API_Control_Estados/inc" -O0 -ffunction-sections -fdata-sections -Wall -fstack-usage -MMD -MP -MF"Drivers/API/API_debounce/src/API_debounce.d" -MT"Drivers/API/API_debounce/src/API_debounce.o" --specs=nano.specs -mfpu=fpv4-sp-d16 -mfloat-abi=hard -mthumb -o "Drivers/API/API_debounce/src/API_debounce.o"
../Drivers/API/API_delay/src/API_delay.c: In function 'delayReadState':
../Drivers/API/API_delay/src/API_delay.c:33:21: warning: implicit declaration of function 'HAL_GetTick' [-Wimplicit-function-declaration]
   33 |    delay->startTime=HAL_GetTick();
      |                     ^~~~~~~~~~~
../Drivers/API/SensorTemp/src/SensorTemp.c: In function 'MX_ADC1_Init':
../Drivers/API/SensorTemp/src/SensorTemp.c:64:5: warning: implicit declaration of function 'Error_Handler' [-Wimplicit-function-declaration]
   64 |     Error_Handler();
      |     ^~~~~~~~~~~~~
arm-none-eabi-gcc "../Drivers/API/API_Control_Estados/src/API_Control_Estados.c" -mcpu=cortex-m4 -std=gnu11 -g3 -DDEBUG -DUSE_HAL_DRIVER -DSTM32F429xx -c -I../Core/Inc -I../Drivers/STM32F4xx_HAL_Driver/Inc -I../Drivers/STM32F4xx_HAL_Driver/Inc/Legacy -I../Drivers/CMSIS/Device/ST/STM32F4xx/Include -I../Drivers/CMSIS/Include -I"C:/Users/diego/Documents/Especializacion Sistemas Embebidos/Primer Bimestre/Programacion de Microprocesadores/PdM_workspace/TP_Final/Test/Drivers/API/SensorTemp/inc" -I"C:/Users/diego/Documents/Especializacion Sistemas Embebidos/Primer Bimestre/Programacion de Microprocesadores/PdM_workspace/TP_Final/Test/Drivers/API/Buzzer/inc" -I"C:/Users/diego/Documents/Especializacion Sistemas Embebidos/Primer Bimestre/Programacion de Microprocesadores/PdM_workspace/TP_Final/Test/Drivers/API/API_uart/inc" -I"C:/Users/diego/Documents/Especializacion Sistemas Embebidos/Primer Bimestre/Programacion de Microprocesadores/PdM_workspace/TP_Final/Test/Drivers/API/API_delay/inc" -I"C:/Users/diego/Documents/Especializacion Sistemas Embebidos/Primer Bimestre/Programacion de Microprocesadores/PdM_workspace/TP_Final/Test/Drivers/API/API_debounce/inc" -I"C:/Users/diego/Documents/Especializacion Sistemas Embebidos/Primer Bimestre/Programacion de Microprocesadores/PdM_workspace/TP_Final/Test/Drivers/API/API_Control_Estados/inc" -O0 -ffunction-sections -fdata-sections -Wall -fstack-usage -MMD -MP -MF"Drivers/API/API_Control_Estados/src/API_Control_Estados.d" -MT"Drivers/API/API_Control_Estados/src/API_Control_Estados.o" --specs=nano.specs -mfpu=fpv4-sp-d16 -mfloat-abi=hard -mthumb -o "Drivers/API/API_Control_Estados/src/API_Control_Estados.o"
In file included from C:/Users/diego/Documents/Especializacion Sistemas Embebidos/Primer Bimestre/Programacion de Microprocesadores/PdM_workspace/TP_Final/Test/Drivers/API/API_Control_Estados/inc/API_Control_Estados.h:12,
                 from ../Drivers/API/API_Control_Estados/src/API_Control_Estados.c:9:
C:/Users/diego/Documents/Especializacion Sistemas Embebidos/Primer Bimestre/Programacion de Microprocesadores/PdM_workspace/TP_Final/Test/Drivers/API/SensorTemp/inc/SensorTemp.h:41:13: warning: 'MX_ADC1_Init' declared 'static' but never defined [-Wunused-function]
   41 | static void MX_ADC1_Init(void);
      |             ^~~~~~~~~~~~
arm-none-eabi-gcc "../Core/Src/main.c" -mcpu=cortex-m4 -std=gnu11 -g3 -DDEBUG -DUSE_HAL_DRIVER -DSTM32F429xx -c -I../Core/Inc -I../Drivers/STM32F4xx_HAL_Driver/Inc -I../Drivers/STM32F4xx_HAL_Driver/Inc/Legacy -I../Drivers/CMSIS/Device/ST/STM32F4xx/Include -I../Drivers/CMSIS/Include -I"C:/Users/diego/Documents/Especializacion Sistemas Embebidos/Primer Bimestre/Programacion de Microprocesadores/PdM_workspace/TP_Final/Test/Drivers/API/SensorTemp/inc" -I"C:/Users/diego/Documents/Especializacion Sistemas Embebidos/Primer Bimestre/Programacion de Microprocesadores/PdM_workspace/TP_Final/Test/Drivers/API/Buzzer/inc" -I"C:/Users/diego/Documents/Especializacion Sistemas Embebidos/Primer Bimestre/Programacion de Microprocesadores/PdM_workspace/TP_Final/Test/Drivers/API/API_uart/inc" -I"C:/Users/diego/Documents/Especializacion Sistemas Embebidos/Primer Bimestre/Programacion de Microprocesadores/PdM_workspace/TP_Final/Test/Drivers/API/API_delay/inc" -I"C:/Users/diego/Documents/Especializacion Sistemas Embebidos/Primer Bimestre/Programacion de Microprocesadores/PdM_workspace/TP_Final/Test/Drivers/API/API_debounce/inc" -I"C:/Users/diego/Documents/Especializacion Sistemas Embebidos/Primer Bimestre/Programacion de Microprocesadores/PdM_workspace/TP_Final/Test/Drivers/API/API_Control_Estados/inc" -O0 -ffunction-sections -fdata-sections -Wall -fstack-usage -MMD -MP -MF"Core/Src/main.d" -MT"Core/Src/main.o" --specs=nano.specs -mfpu=fpv4-sp-d16 -mfloat-abi=hard -mthumb -o "Core/Src/main.o"
In file included from C:/Users/diego/Documents/Especializacion Sistemas Embebidos/Primer Bimestre/Programacion de Microprocesadores/PdM_workspace/TP_Final/Test/Drivers/API/API_Control_Estados/inc/API_Control_Estados.h:12,
                 from ../Core/Src/main.c:22:
C:/Users/diego/Documents/Especializacion Sistemas Embebidos/Primer Bimestre/Programacion de Microprocesadores/PdM_workspace/TP_Final/Test/Drivers/API/SensorTemp/inc/SensorTemp.h:41:13: warning: 'MX_ADC1_Init' declared 'static' but never defined [-Wunused-function]
   41 | static void MX_ADC1_Init(void);
      |             ^~~~~~~~~~~~
In file included from ../Core/Src/main.c:22:
C:/Users/diego/Documents/Especializacion Sistemas Embebidos/Primer Bimestre/Programacion de Microprocesadores/PdM_workspace/TP_Final/Test/Drivers/API/API_Control_Estados/inc/API_Control_Estados.h:36:13: warning: 'Activar_Estado_Critico' declared 'static' but never defined [-Wunused-function]
   36 | static void Activar_Estado_Critico(delay_t * delay);
      |             ^~~~~~~~~~~~~~~~~~~~~~
C:/Users/diego/Documents/Especializacion Sistemas Embebidos/Primer Bimestre/Programacion de Microprocesadores/PdM_workspace/TP_Final/Test/Drivers/API/API_Control_Estados/inc/API_Control_Estados.h:41:13: warning: 'Activar_Estado_Alto' declared 'static' but never defined [-Wunused-function]
   41 | static void Activar_Estado_Alto(void);
      |             ^~~~~~~~~~~~~~~~~~~
C:/Users/diego/Documents/Especializacion Sistemas Embebidos/Primer Bimestre/Programacion de Microprocesadores/PdM_workspace/TP_Final/Test/Drivers/API/API_Control_Estados/inc/API_Control_Estados.h:46:13: warning: 'Activar_Estado_Medio' declared 'static' but never defined [-Wunused-function]
   46 | static void Activar_Estado_Medio(void);
      |             ^~~~~~~~~~~~~~~~~~~~
C:/Users/diego/Documents/Especializacion Sistemas Embebidos/Primer Bimestre/Programacion de Microprocesadores/PdM_workspace/TP_Final/Test/Drivers/API/API_Control_Estados/inc/API_Control_Estados.h:51:13: warning: 'Activar_Estado_Bajo' declared 'static' but never defined [-Wunused-function]
   51 | static void Activar_Estado_Bajo(void);
      |             ^~~~~~~~~~~~~~~~~~~
C:/Users/diego/Documents/Especializacion Sistemas Embebidos/Primer Bimestre/Programacion de Microprocesadores/PdM_workspace/TP_Final/Test/Drivers/API/API_Control_Estados/inc/API_Control_Estados.h:56:13: warning: 'Activar_Estado_Bajo_Cero' declared 'static' but never defined [-Wunused-function]
   56 | static void Activar_Estado_Bajo_Cero(void);
      |             ^~~~~~~~~~~~~~~~~~~~~~~~
C:/Users/diego/Documents/Especializacion Sistemas Embebidos/Primer Bimestre/Programacion de Microprocesadores/PdM_workspace/TP_Final/Test/Drivers/API/API_Control_Estados/inc/API_Control_Estados.h:62:16: warning: 'Definir_Estado' declared 'static' but never defined [-Wunused-function]
   62 | static uint8_t Definir_Estado(int16_t Temp);
      |                ^~~~~~~~~~~~~~
arm-none-eabi-gcc -o "Test.elf" @"objects.list"   -mcpu=cortex-m4 -T"C:\Users\diego\Documents\Especializacion Sistemas Embebidos\Primer Bimestre\Programacion de Microprocesadores\PdM_workspace\TP_Final\Test\STM32F429ZITX_FLASH.ld" --specs=nosys.specs -Wl,-Map="Test.map" -Wl,--gc-sections -static --specs=nano.specs -mfpu=fpv4-sp-d16 -mfloat-abi=hard -mthumb -Wl,--start-group -lc -lm -Wl,--end-group
Finished building target: Test.elf
 
arm-none-eabi-size   Test.elf 
arm-none-eabi-objdump -h -S  Test.elf  > "Test.list"
   text	   data	    bss	    dec	    hex	filename
  17372	     36	   3676	  21084	   525c	Test.elf
Finished building: default.size.stdout
 
Finished building: Test.list
 
